



Oct 30 10:42:01 localhost rsyslogd: [origin software="rsyslogd" swVersion="7.4.7" x-pid="817" x-info="http://www.rsyslog.com"] rsyslogd was HUPed
Oct 30 10:47:51 localhost dhclient[1490]: DHCPREQUEST on ens33 to 192.168.37.254 port 67 (xid=0x665232c1)
Oct 30 10:47:51 localhost dhclient[1490]: DHCPACK from 192.168.37.254 (xid=0x665232c1)
Oct 30 10:47:51 localhost NetworkManager: DHCPREQUEST on ens33 to 192.168.37.254 port 67 (xid=0x665232c1)
Oct 30 10:47:51 localhost NetworkManager: DHCPACK from 192.168.37.254 (xid=0x665232c1)
Oct 30 10:47:51 localhost NetworkManager[1010]: <info> (ens33): DHCPv4 state changed renew -> renew
Oct 30 10:47:51 localhost dhclient[1490]: bound to 192.168.37.130 -- renewal in 757 seconds.
Oct 30 10:47:51 localhost NetworkManager[1010]: <info>   address 192.168.37.130
Oct 30 10:47:51 localhost NetworkManager[1010]: <info>   plen 24 (255.255.255.0)
Oct 30 10:47:51 localhost NetworkManager[1010]: <info>   gateway 192.168.37.2
Oct 30 10:47:51 localhost NetworkManager[1010]: <info>   server identifier 192.168.37.254
Oct 30 10:47:51 localhost NetworkManager[1010]: <info>   lease time 1800
Oct 30 10:47:51 localhost NetworkManager[1010]: <info>   nameserver '192.168.37.2'
Oct 30 10:47:51 localhost NetworkManager[1010]: <info>   domain name 'localdomain'
Oct 30 10:47:51 localhost NetworkManager: bound to 192.168.37.130 -- renewal in 757 seconds.
Oct 30 10:47:51 localhost dbus[822]: [system] Activating via systemd: service name='org.freedesktop.nm_dispatcher' unit='dbus-org.freedesktop.nm-dispatcher.service'
Oct 30 10:47:51 localhost dbus-daemon: dbus[822]: [system] Activating via systemd: service name='org.freedesktop.nm_dispatcher' unit='dbus-org.freedesktop.nm-dispatcher.service'
Oct 30 10:47:51 localhost systemd: Starting Network Manager Script Dispatcher Service...
Oct 30 10:47:51 localhost dbus[822]: [system] Successfully activated service 'org.freedesktop.nm_dispatcher'
Oct 30 10:47:51 localhost dbus-daemon: dbus[822]: [system] Successfully activated service 'org.freedesktop.nm_dispatcher'
Oct 30 10:47:51 localhost systemd: Started Network Manager Script Dispatcher Service.
Oct 30 10:50:01 localhost systemd-logind: Failed to mount per-user tmpfs directory /run/user/0: Permission denied
Oct 30 11:00:01 localhost systemd-logind: Failed to mount per-user tmpfs directory /run/user/0: Permission denied
Oct 30 11:00:28 localhost dhclient[1490]: DHCPREQUEST on ens33 to 192.168.37.254 port 67 (xid=0x665232c1)
Oct 30 11:00:28 localhost NetworkManager: DHCPREQUEST on ens33 to 192.168.37.254 port 67 (xid=0x665232c1)
Oct 30 11:00:28 localhost dhclient[1490]: DHCPACK from 192.168.37.254 (xid=0x665232c1)
Oct 30 11:00:28 localhost NetworkManager: DHCPACK from 192.168.37.254 (xid=0x665232c1)
Oct 30 11:00:28 localhost dhclient[1490]: bound to 192.168.37.130 -- renewal in 709 seconds.
Oct 30 11:00:28 localhost NetworkManager[1010]: <info> (ens33): DHCPv4 state changed renew -> renew
Oct 30 11:00:28 localhost NetworkManager[1010]: <info>   address 192.168.37.130
Oct 30 11:00:28 localhost NetworkManager[1010]: <info>   plen 24 (255.255.255.0)
Oct 30 11:00:28 localhost NetworkManager[1010]: <info>   gateway 192.168.37.2
Oct 30 11:00:28 localhost NetworkManager[1010]: <info>   server identifier 192.168.37.254
Oct 30 11:00:28 localhost NetworkManager[1010]: <info>   lease time 1800
Oct 30 11:00:28 localhost NetworkManager[1010]: <info>   nameserver '192.168.37.2'
Oct 30 11:00:28 localhost NetworkManager[1010]: <info>   domain name 'localdomain'
Oct 30 11:00:28 localhost NetworkManager: bound to 192.168.37.130 -- renewal in 709 seconds.
Oct 30 11:00:28 localhost dbus-daemon: dbus[822]: [system] Activating via systemd: service name='org.freedesktop.nm_dispatcher' unit='dbus-org.freedesktop.nm-dispatcher.service'
Oct 30 11:00:28 localhost dbus[822]: [system] Activating via systemd: service name='org.freedesktop.nm_dispatcher' unit='dbus-org.freedesktop.nm-dispatcher.service'
Oct 30 11:00:28 localhost systemd: Starting Network Manager Script Dispatcher Service...
Oct 30 11:00:28 localhost dbus-daemon: dbus[822]: [system] Successfully activated service 'org.freedesktop.nm_dispatcher'
Oct 30 11:00:28 localhost dbus[822]: [system] Successfully activated service 'org.freedesktop.nm_dispatcher'
Oct 30 11:00:28 localhost systemd: Started Network Manager Script Dispatcher Service.
Oct 30 11:01:01 localhost systemd-logind: Failed to mount per-user tmpfs directory /run/user/0: Permission denied
Oct 30 11:10:01 localhost systemd-logind: Failed to mount per-user tmpfs directory /run/user/0: Permission denied
Oct 30 11:12:17 localhost dhclient[1490]: DHCPREQUEST on ens33 to 192.168.37.254 port 67 (xid=0x665232c1)
Oct 30 11:12:17 localhost NetworkManager: DHCPREQUEST on ens33 to 192.168.37.254 port 67 (xid=0x665232c1)
Oct 30 11:12:17 localhost dhclient[1490]: DHCPACK from 192.168.37.254 (xid=0x665232c1)
Oct 30 11:12:17 localhost NetworkManager: DHCPACK from 192.168.37.254 (xid=0x665232c1)
Oct 30 11:12:17 localhost NetworkManager[1010]: <info> (ens33): DHCPv4 state changed renew -> renew
Oct 30 11:12:17 localhost NetworkManager[1010]: <info>   address 192.168.37.130
Oct 30 11:12:17 localhost NetworkManager[1010]: <info>   plen 24 (255.255.255.0)
Oct 30 11:12:17 localhost dhclient[1490]: bound to 192.168.37.130 -- renewal in 783 seconds.
Oct 30 11:12:17 localhost NetworkManager[1010]: <info>   gateway 192.168.37.2
Oct 30 11:12:17 localhost NetworkManager[1010]: <info>   server identifier 192.168.37.254
Oct 30 11:12:17 localhost NetworkManager[1010]: <info>   lease time 1800
Oct 30 11:12:17 localhost NetworkManager[1010]: <info>   nameserver '192.168.37.2'
Oct 30 11:12:17 localhost NetworkManager[1010]: <info>   domain name 'localdomain'
Oct 30 11:12:17 localhost dbus[822]: [system] Activating via systemd: service name='org.freedesktop.nm_dispatcher' unit='dbus-org.freedesktop.nm-dispatcher.service'
Oct 30 11:12:17 localhost NetworkManager: bound to 192.168.37.130 -- renewal in 783 seconds.
Oct 30 11:12:17 localhost dbus-daemon: dbus[822]: [system] Activating via systemd: service name='org.freedesktop.nm_dispatcher' unit='dbus-org.freedesktop.nm-dispatcher.service'
Oct 30 11:12:17 localhost systemd: Starting Network Manager Script Dispatcher Service...
Oct 30 11:12:17 localhost dbus[822]: [system] Successfully activated service 'org.freedesktop.nm_dispatcher'
Oct 30 11:12:17 localhost systemd: Started Network Manager Script Dispatcher Service.
Oct 30 11:12:17 localhost dbus-daemon: dbus[822]: [system] Successfully activated service 'org.freedesktop.nm_dispatcher'
Oct 30 11:18:17 localhost kernel: pallindrome[3489]: segfault at 69 ip 0000000000400679 sp 00007ffd7b9526d0 error 4 in pallindrome[400000+1000]
Oct 30 11:20:01 localhost systemd-logind: Failed to mount per-user tmpfs directory /run/user/0: Permission denied
Oct 30 11:25:20 localhost dhclient[1490]: DHCPREQUEST on ens33 to 192.168.37.254 port 67 (xid=0x665232c1)
Oct 30 11:25:20 localhost dhclient[1490]: DHCPACK from 192.168.37.254 (xid=0x665232c1)
Oct 30 11:25:20 localhost NetworkManager: DHCPREQUEST on ens33 to 192.168.37.254 port 67 (xid=0x665232c1)
Oct 30 11:25:20 localhost NetworkManager: DHCPACK from 192.168.37.254 (xid=0x665232c1)
Oct 30 11:25:20 localhost NetworkManager[1010]: <info> (ens33): DHCPv4 state changed renew -> renew
Oct 30 11:25:20 localhost dhclient[1490]: bound to 192.168.37.130 -- renewal in 686 seconds.
Oct 30 11:25:20 localhost NetworkManager[1010]: <info>   address 192.168.37.130
Oct 30 11:25:20 localhost NetworkManager[1010]: <info>   plen 24 (255.255.255.0)
Oct 30 11:25:20 localhost NetworkManager[1010]: <info>   gateway 192.168.37.2
Oct 30 11:25:20 localhost NetworkManager[1010]: <info>   server identifier 192.168.37.254
Oct 30 11:25:20 localhost NetworkManager[1010]: <info>   lease time 1800
Oct 30 11:25:20 localhost NetworkManager[1010]: <info>   nameserver '192.168.37.2'
Oct 30 11:25:20 localhost NetworkManager[1010]: <info>   domain name 'localdomain'
Oct 30 11:25:20 localhost NetworkManager: bound to 192.168.37.130 -- renewal in 686 seconds.
Oct 30 11:25:20 localhost dbus[822]: [system] Activating via systemd: service name='org.freedesktop.nm_dispatcher' unit='dbus-org.freedesktop.nm-dispatcher.service'
Oct 30 11:25:20 localhost dbus-daemon: dbus[822]: [system] Activating via systemd: service name='org.freedesktop.nm_dispatcher' unit='dbus-org.freedesktop.nm-dispatcher.service'
Oct 30 11:25:20 localhost systemd: Starting Network Manager Script Dispatcher Service...
Oct 30 11:25:20 localhost dbus[822]: [system] Successfully activated service 'org.freedesktop.nm_dispatcher'
Oct 30 11:25:20 localhost systemd: Started Network Manager Script Dispatcher Service.
Oct 30 11:25:20 localhost dbus-daemon: dbus[822]: [system] Successfully activated service 'org.freedesktop.nm_dispatcher'
Oct 30 11:30:01 localhost systemd-logind: Failed to mount per-user tmpfs directory /run/user/0: Permission denied
Oct 30 11:33:35 localhost kernel: pallindrome[3544]: segfault at 408d03 ip 000000000040071d sp 00007ffda6ddeab0 error 4 in pallindrome[400000+1000]
Oct 30 11:34:00 localhost kernel: pallindrome[3556]: segfault at 40ff7c ip 000000000040071d sp 00007ffd35c7aad0 error 4 in pallindrome[400000+1000]
Oct 30 11:34:31 localhost kernel: pallindrome[3564]: segfault at 40227c ip 0000000000400724 sp 00007fff7b3e1e30 error 4 in pallindrome[400000+1000]
Oct 30 11:36:44 localhost kernel: pallindrome[3572]: segfault at 100 ip 0000000000400774 sp 00007ffd102c6870 error 4 in pallindrome[400000+1000]
Oct 30 11:36:46 localhost dhclient[1490]: DHCPREQUEST on ens33 to 192.168.37.254 port 67 (xid=0x665232c1)
Oct 30 11:36:46 localhost NetworkManager: DHCPREQUEST on ens33 to 192.168.37.254 port 67 (xid=0x665232c1)
Oct 30 11:36:46 localhost dhclient[1490]: DHCPACK from 192.168.37.254 (xid=0x665232c1)
Oct 30 11:36:46 localhost NetworkManager: DHCPACK from 192.168.37.254 (xid=0x665232c1)
Oct 30 11:36:46 localhost dhclient[1490]: bound to 192.168.37.130 -- renewal in 716 seconds.
Oct 30 11:36:46 localhost NetworkManager[1010]: <info> (ens33): DHCPv4 state changed renew -> renew
Oct 30 11:36:46 localhost NetworkManager[1010]: <info>   address 192.168.37.130
Oct 30 11:36:46 localhost NetworkManager[1010]: <info>   plen 24 (255.255.255.0)
Oct 30 11:36:46 localhost NetworkManager[1010]: <info>   gateway 192.168.37.2
Oct 30 11:36:46 localhost NetworkManager[1010]: <info>   server identifier 192.168.37.254
Oct 30 11:36:46 localhost NetworkManager[1010]: <info>   lease time 1800
Oct 30 11:36:46 localhost NetworkManager[1010]: <info>   nameserver '192.168.37.2'
Oct 30 11:36:46 localhost NetworkManager[1010]: <info>   domain name 'localdomain'
Oct 30 11:36:46 localhost NetworkManager: bound to 192.168.37.130 -- renewal in 716 seconds.
Oct 30 11:36:46 localhost dbus-daemon: dbus[822]: [system] Activating via systemd: service name='org.freedesktop.nm_dispatcher' unit='dbus-org.freedesktop.nm-dispatcher.service'
Oct 30 11:36:46 localhost dbus[822]: [system] Activating via systemd: service name='org.freedesktop.nm_dispatcher' unit='dbus-org.freedesktop.nm-dispatcher.service'
Oct 30 11:36:46 localhost systemd: Starting Network Manager Script Dispatcher Service...
Oct 30 11:36:46 localhost dbus[822]: [system] Successfully activated service 'org.freedesktop.nm_dispatcher'
Oct 30 11:36:46 localhost dbus-daemon: dbus[822]: [system] Successfully activated service 'org.freedesktop.nm_dispatcher'
Oct 30 11:36:46 localhost systemd: Started Network Manager Script Dispatcher Service.
Oct 30 11:38:04 localhost kernel: pallindrome[3594]: segfault at 4010ff ip 000000000040077e sp 00007ffc8a5f9470 error 4 in pallindrome[400000+1000]
Oct 30 11:40:01 localhost systemd-logind: Failed to mount per-user tmpfs directory /run/user/0: Permission denied
Oct 30 11:48:42 localhost dhclient[1490]: DHCPREQUEST on ens33 to 192.168.37.254 port 67 (xid=0x665232c1)
Oct 30 11:48:42 localhost dhclient[1490]: DHCPACK from 192.168.37.254 (xid=0x665232c1)
Oct 30 11:48:42 localhost NetworkManager: DHCPREQUEST on ens33 to 192.168.37.254 port 67 (xid=0x665232c1)
Oct 30 11:48:42 localhost NetworkManager: DHCPACK from 192.168.37.254 (xid=0x665232c1)
Oct 30 11:48:42 localhost NetworkManager[1010]: <info> (ens33): DHCPv4 state changed renew -> renew
Oct 30 11:48:42 localhost dhclient[1490]: bound to 192.168.37.130 -- renewal in 851 seconds.
Oct 30 11:48:42 localhost NetworkManager[1010]: <info>   address 192.168.37.130
Oct 30 11:48:42 localhost NetworkManager[1010]: <info>   plen 24 (255.255.255.0)
Oct 30 11:48:42 localhost NetworkManager[1010]: <info>   gateway 192.168.37.2
Oct 30 11:48:42 localhost NetworkManager[1010]: <info>   server identifier 192.168.37.254
Oct 30 11:48:42 localhost NetworkManager[1010]: <info>   lease time 1800
Oct 30 11:48:42 localhost NetworkManager[1010]: <info>   nameserver '192.168.37.2'
Oct 30 11:48:42 localhost NetworkManager[1010]: <info>   domain name 'localdomain'
Oct 30 11:48:42 localhost dbus[822]: [system] Activating via systemd: service name='org.freedesktop.nm_dispatcher' unit='dbus-org.freedesktop.nm-dispatcher.service'
Oct 30 11:48:42 localhost NetworkManager: bound to 192.168.37.130 -- renewal in 851 seconds.
Oct 30 11:48:42 localhost dbus-daemon: dbus[822]: [system] Activating via systemd: service name='org.freedesktop.nm_dispatcher' unit='dbus-org.freedesktop.nm-dispatcher.service'
Oct 30 11:48:42 localhost systemd: Starting Network Manager Script Dispatcher Service...
Oct 30 11:48:42 localhost dbus[822]: [system] Successfully activated service 'org.freedesktop.nm_dispatcher'
Oct 30 11:48:42 localhost systemd: Started Network Manager Script Dispatcher Service.
Oct 30 11:48:42 localhost dbus-daemon: dbus[822]: [system] Successfully activated service 'org.freedesktop.nm_dispatcher'
Oct 30 11:50:01 localhost systemd-logind: Failed to mount per-user tmpfs directory /run/user/0: Permission denied
Oct 30 11:55:28 localhost kernel: pallindrome[3650]: segfault at 40476e ip 0000000000400787 sp 00007ffc3c09d930 error 4 in pallindrome[400000+1000]
Oct 30 11:56:49 localhost kernel: traps: pallindrome[3664] general protection ip:40077e sp:7ffd0b2e3450 error:0 in pallindrome[400000+1000]
Oct 30 11:58:19 localhost kernel: pallindrome[3679]: segfault at 92 ip 000000000040078c sp 00007fff308f7880 error 4 in pallindrome[400000+1000]
Oct 30 12:00:01 localhost systemd-logind: Failed to mount per-user tmpfs directory /run/user/0: Permission denied
Oct 30 12:01:01 localhost systemd-logind: Failed to mount per-user tmpfs directory /run/user/0: Permission denied
Oct 30 12:02:53 localhost dhclient[1490]: DHCPREQUEST on ens33 to 192.168.37.254 port 67 (xid=0x665232c1)
Oct 30 12:02:53 localhost dhclient[1490]: DHCPACK from 192.168.37.254 (xid=0x665232c1)
Oct 30 12:02:53 localhost NetworkManager: DHCPREQUEST on ens33 to 192.168.37.254 port 67 (xid=0x665232c1)
Oct 30 12:02:53 localhost NetworkManager: DHCPACK from 192.168.37.254 (xid=0x665232c1)
Oct 30 12:02:53 localhost NetworkManager[1010]: <info> (ens33): DHCPv4 state changed renew -> renew
Oct 30 12:02:53 localhost dhclient[1490]: bound to 192.168.37.130 -- renewal in 783 seconds.
Oct 30 12:02:53 localhost NetworkManager[1010]: <info>   address 192.168.37.130
Oct 30 12:02:53 localhost NetworkManager[1010]: <info>   plen 24 (255.255.255.0)
Oct 30 12:02:53 localhost NetworkManager[1010]: <info>   gateway 192.168.37.2
Oct 30 12:02:53 localhost NetworkManager[1010]: <info>   server identifier 192.168.37.254
Oct 30 12:02:53 localhost NetworkManager[1010]: <info>   lease time 1800
Oct 30 12:02:53 localhost NetworkManager[1010]: <info>   nameserver '192.168.37.2'
Oct 30 12:02:53 localhost NetworkManager[1010]: <info>   domain name 'localdomain'
Oct 30 12:02:53 localhost dbus[822]: [system] Activating via systemd: service name='org.freedesktop.nm_dispatcher' unit='dbus-org.freedesktop.nm-dispatcher.service'
Oct 30 12:02:53 localhost NetworkManager: bound to 192.168.37.130 -- renewal in 783 seconds.
Oct 30 12:02:53 localhost dbus-daemon: dbus[822]: [system] Activating via systemd: service name='org.freedesktop.nm_dispatcher' unit='dbus-org.freedesktop.nm-dispatcher.service'
Oct 30 12:02:53 localhost systemd: Starting Network Manager Script Dispatcher Service...
Oct 30 12:02:53 localhost dbus[822]: [system] Successfully activated service 'org.freedesktop.nm_dispatcher'
Oct 30 12:02:53 localhost dbus-daemon: dbus[822]: [system] Successfully activated service 'org.freedesktop.nm_dispatcher'
Oct 30 12:02:53 localhost systemd: Started Network Manager Script Dispatcher Service.
Oct 30 12:05:56 localhost kernel: traps: pallindrome[3779] general protection ip:40079b sp:7ffd568d3780 error:0 in pallindrome[400000+1000]
Oct 30 12:08:35 localhost kernel: pallindrome[3802]: segfault at 92 ip 00000000004007a2 sp 00007ffdf41811e0 error 4 in pallindrome[400000+1000]
Oct 30 12:09:41 localhost kernel: pallindrome[3814]: segfault at 92 ip 00000000004007a2 sp 00007fff3b512b30 error 4 in pallindrome[400000+1000]
Oct 30 12:09:47 localhost systemd: Stopped target Timers.
Oct 30 12:09:47 localhost systemd: Stopping Timers.
Oct 30 12:09:47 localhost systemd: Stopped Dump dmesg to /var/log/dmesg.
Oct 30 12:09:47 localhost systemd: Stopping Dump dmesg to /var/log/dmesg...
Oct 30 12:09:47 localhost systemd: Stopping LVM2 PV scan on device 8:2...
Oct 30 12:09:47 localhost systemd: Stopped target Sound Card.
Oct 30 12:09:47 localhost systemd: Stopping Sound Card.
Oct 30 12:09:47 localhost systemd: Deactivating swap /dev/mapper/centos-swap...
Oct 30 12:09:47 localhost systemd: Stopped target Multi-User System.
Oct 30 12:09:47 localhost systemd: Stopping Multi-User System.
Oct 30 12:09:47 localhost systemd: Stopping irqbalance daemon...
Oct 30 12:09:47 localhost systemd: Stopping Dynamic System Tuning Daemon...
Oct 30 12:09:47 localhost systemd: Stopping SYSV: Manages the services needed to run VMware software...
Oct 30 12:09:47 localhost systemd: Stopping Command Scheduler...
Oct 30 12:09:47 localhost systemd: Stopping NTP client/server...
Oct 30 12:09:47 localhost systemd: Stopping Crash recovery kernel arming...
Oct 30 12:09:47 localhost systemd: Stopping Postfix Mail Transport Agent...
Oct 30 12:09:47 localhost systemd: Stopping System Logging Service...
Oct 30 12:09:47 localhost systemd: Stopping Login Service...
Oct 30 12:09:47 localhost rsyslogd: [origin software="rsyslogd" swVersion="7.4.7" x-pid="817" x-info="http://www.rsyslog.com"] exiting on signal 15.
Oct 30 12:27:01 localhost rsyslogd: [origin software="rsyslogd" swVersion="7.4.7" x-pid="819" x-info="http://www.rsyslog.com"] start
Oct 30 12:26:50 localhost journal: Runtime journal is using 8.0M (max allowed 91.6M, trying to leave 137.4M free of 908.3M available â†’ current limit 91.6M).
Oct 30 12:26:50 localhost kernel: Initializing cgroup subsys cpuset
Oct 30 12:26:50 localhost kernel: Initializing cgroup subsys cpu
Oct 30 12:26:50 localhost kernel: Initializing cgroup subsys cpuacct
Oct 30 12:26:50 localhost kernel: Linux version 3.10.0-327.18.2.el7.x86_64 (builder@kbuilder.dev.centos.org) (gcc version 4.8.3 20140911 (Red Hat 4.8.3-9) (GCC) ) #1 SMP Thu May 12 11:03:55 UTC 2016
Oct 30 12:26:50 localhost kernel: Command line: BOOT_IMAGE=/vmlinuz-3.10.0-327.18.2.el7.x86_64 root=/dev/mapper/centos-root ro rd.lvm.lv=centos/swap vconsole.font=latarcyrheb-sun16 rd.lvm.lv=centos/root crashkernel=auto vconsole.keymap=us rhgb quiet LANG=en_US.UTF-8
Oct 30 12:26:50 localhost kernel: Disabled fast string operations
Oct 30 12:26:50 localhost kernel: e820: BIOS-provided physical RAM map:
Oct 30 12:26:50 localhost kernel: BIOS-e820: [mem 0x0000000000000000-0x000000000009efff] usable
Oct 30 12:26:50 localhost kernel: BIOS-e820: [mem 0x000000000009f000-0x000000000009ffff] reserved
Oct 30 12:26:50 localhost kernel: BIOS-e820: [mem 0x00000000000dc000-0x00000000000fffff] reserved
Oct 30 12:26:50 localhost kernel: BIOS-e820: [mem 0x0000000000100000-0x000000007fedffff] usable
Oct 30 12:26:50 localhost kernel: BIOS-e820: [mem 0x000000007fee0000-0x000000007fefefff] ACPI data
Oct 30 12:26:50 localhost kernel: BIOS-e820: [mem 0x000000007feff000-0x000000007fefffff] ACPI NVS
Oct 30 12:26:50 localhost kernel: BIOS-e820: [mem 0x000000007ff00000-0x000000007fffffff] usable
Oct 30 12:26:50 localhost kernel: BIOS-e820: [mem 0x00000000f0000000-0x00000000f7ffffff] reserved
Oct 30 12:26:50 localhost kernel: BIOS-e820: [mem 0x00000000fec00000-0x00000000fec0ffff] reserved
Oct 30 12:26:50 localhost kernel: BIOS-e820: [mem 0x00000000fee00000-0x00000000fee00fff] reserved
Oct 30 12:26:50 localhost kernel: BIOS-e820: [mem 0x00000000fffe0000-0x00000000ffffffff] reserved
Oct 30 12:26:50 localhost kernel: NX (Execute Disable) protection: active
Oct 30 12:26:50 localhost kernel: SMBIOS 2.4 present.
Oct 30 12:26:50 localhost kernel: Hypervisor detected: VMware
Oct 30 12:26:50 localhost kernel: AGP: No AGP bridge found
Oct 30 12:26:50 localhost kernel: e820: last_pfn = 0x80000 max_arch_pfn = 0x400000000
Oct 30 12:26:50 localhost kernel: x86 PAT enabled: cpu 0, old 0x7040600070406, new 0x7010600070106
Oct 30 12:26:50 localhost kernel: total RAM covered: 3072M
Oct 30 12:26:50 localhost kernel: Found optimal setting for mtrr clean up
Oct 30 12:26:50 localhost kernel: gran_size: 64K 	chunk_size: 64K 	num_reg: 2  	lose cover RAM: 0G
Oct 30 12:26:50 localhost kernel: found SMP MP-table at [mem 0x000f6a80-0x000f6a8f] mapped at [ffff8800000f6a80]
Oct 30 12:26:50 localhost kernel: Using GB pages for direct mapping
Oct 30 12:26:50 localhost kernel: init_memory_mapping: [mem 0x00000000-0x000fffff]
Oct 30 12:26:50 localhost kernel: init_memory_mapping: [mem 0x7fc00000-0x7fdfffff]
Oct 30 12:26:50 localhost kernel: init_memory_mapping: [mem 0x7c000000-0x7fbfffff]
Oct 30 12:26:50 localhost kernel: init_memory_mapping: [mem 0x00100000-0x7bffffff]
Oct 30 12:26:50 localhost kernel: init_memory_mapping: [mem 0x7fe00000-0x7fedffff]
Oct 30 12:26:50 localhost kernel: init_memory_mapping: [mem 0x7ff00000-0x7fffffff]
Oct 30 12:26:50 localhost kernel: RAMDISK: [mem 0x35df7000-0x36ef3fff]
Oct 30 12:26:50 localhost kernel: ACPI: RSDP 00000000000f6a10 00024 (v02 PTLTD )
Oct 30 12:26:50 localhost kernel: ACPI: XSDT 000000007feecf85 0005C (v01 INTEL  440BX    06040000 VMW  01324272)
Oct 30 12:26:50 localhost kernel: ACPI: FACP 000000007fefee73 000F4 (v04 INTEL  440BX    06040000 PTL  000F4240)
Oct 30 12:26:50 localhost kernel: ACPI: DSDT 000000007feed94f 11524 (v01 PTLTD  Custom   06040000 MSFT 03000001)
Oct 30 12:26:50 localhost kernel: ACPI: FACS 000000007fefffc0 00040
Oct 30 12:26:50 localhost kernel: ACPI: BOOT 000000007feed927 00028 (v01 PTLTD  $SBFTBL$ 06040000  LTP 00000001)
Oct 30 12:26:50 localhost kernel: ACPI: APIC 000000007feed565 003C2 (v01 PTLTD  ? APIC   06040000  LTP 00000000)
Oct 30 12:26:50 localhost kernel: ACPI: MCFG 000000007feed529 0003C (v01 PTLTD  $PCITBL$ 06040000  LTP 00000001)
Oct 30 12:26:50 localhost kernel: ACPI: SRAT 000000007feed081 004A8 (v02 VMWARE MEMPLUG  06040000 VMW  00000001)
Oct 30 12:26:50 localhost kernel: ACPI: HPET 000000007feed049 00038 (v01 VMWARE VMW HPET 06040000 VMW  00000001)
Oct 30 12:26:50 localhost kernel: ACPI: WAET 000000007feed021 00028 (v01 VMWARE VMW WAET 06040000 VMW  00000001)
Oct 30 12:26:50 localhost kernel: Setting APIC routing to physical flat.
Oct 30 12:26:50 localhost kernel: SRAT: PXM 0 -> APIC 0x00 -> Node 0
Oct 30 12:26:50 localhost kernel: SRAT: PXM 0 -> APIC 0x01 -> Node 0
Oct 30 12:26:50 localhost kernel: SRAT: PXM 0 -> APIC 0x02 -> Node 0
Oct 30 12:26:50 localhost kernel: SRAT: PXM 0 -> APIC 0x03 -> Node 0
Oct 30 12:26:50 localhost kernel: SRAT: PXM 0 -> APIC 0x04 -> Node 0
Oct 30 12:26:50 localhost kernel: SRAT: PXM 0 -> APIC 0x05 -> Node 0
Oct 30 12:26:50 localhost kernel: SRAT: PXM 0 -> APIC 0x06 -> Node 0
Oct 30 12:26:50 localhost kernel: SRAT: PXM 0 -> APIC 0x07 -> Node 0
Oct 30 12:26:50 localhost kernel: SRAT: PXM 0 -> APIC 0x08 -> Node 0
Oct 30 12:26:50 localhost kernel: SRAT: PXM 0 -> APIC 0x09 -> Node 0
Oct 30 12:26:50 localhost kernel: SRAT: PXM 0 -> APIC 0x0a -> Node 0
Oct 30 12:26:50 localhost kernel: SRAT: PXM 0 -> APIC 0x0b -> Node 0
Oct 30 12:26:50 localhost kernel: SRAT: PXM 0 -> APIC 0x0c -> Node 0
Oct 30 12:26:50 localhost kernel: SRAT: PXM 0 -> APIC 0x0d -> Node 0
Oct 30 12:26:50 localhost kernel: SRAT: PXM 0 -> APIC 0x0e -> Node 0
Oct 30 12:26:50 localhost kernel: SRAT: PXM 0 -> APIC 0x0f -> Node 0
Oct 30 12:26:50 localhost kernel: SRAT: PXM 0 -> APIC 0x10 -> Node 0
Oct 30 12:26:50 localhost kernel: SRAT: PXM 0 -> APIC 0x11 -> Node 0
Oct 30 12:26:50 localhost kernel: SRAT: PXM 0 -> APIC 0x12 -> Node 0
Oct 30 12:26:50 localhost kernel: SRAT: PXM 0 -> APIC 0x13 -> Node 0
Oct 30 12:26:50 localhost kernel: SRAT: PXM 0 -> APIC 0x14 -> Node 0
Oct 30 12:26:50 localhost kernel: SRAT: PXM 0 -> APIC 0x15 -> Node 0
Oct 30 12:26:50 localhost kernel: SRAT: PXM 0 -> APIC 0x16 -> Node 0
Oct 30 12:26:50 localhost kernel: SRAT: PXM 0 -> APIC 0x17 -> Node 0
Oct 30 12:26:50 localhost kernel: SRAT: PXM 0 -> APIC 0x18 -> Node 0
Oct 30 12:26:50 localhost kernel: SRAT: PXM 0 -> APIC 0x19 -> Node 0
Oct 30 12:26:50 localhost kernel: SRAT: PXM 0 -> APIC 0x1a -> Node 0
Oct 30 12:26:50 localhost kernel: SRAT: PXM 0 -> APIC 0x1b -> Node 0
Oct 30 12:26:50 localhost kernel: SRAT: PXM 0 -> APIC 0x1c -> Node 0
Oct 30 12:26:50 localhost kernel: SRAT: PXM 0 -> APIC 0x1d -> Node 0
Oct 30 12:26:50 localhost kernel: SRAT: PXM 0 -> APIC 0x1e -> Node 0
Oct 30 12:26:50 localhost kernel: SRAT: PXM 0 -> APIC 0x1f -> Node 0
Oct 30 12:26:50 localhost kernel: SRAT: PXM 0 -> APIC 0x20 -> Node 0
Oct 30 12:26:50 localhost kernel: SRAT: PXM 0 -> APIC 0x21 -> Node 0
Oct 30 12:26:50 localhost kernel: SRAT: PXM 0 -> APIC 0x22 -> Node 0
Oct 30 12:26:50 localhost kernel: SRAT: PXM 0 -> APIC 0x23 -> Node 0
Oct 30 12:26:50 localhost kernel: SRAT: PXM 0 -> APIC 0x24 -> Node 0
Oct 30 12:26:50 localhost kernel: SRAT: PXM 0 -> APIC 0x25 -> Node 0
Oct 30 12:26:50 localhost kernel: SRAT: PXM 0 -> APIC 0x26 -> Node 0
Oct 30 12:26:50 localhost kernel: SRAT: PXM 0 -> APIC 0x27 -> Node 0
Oct 30 12:26:50 localhost kernel: SRAT: PXM 0 -> APIC 0x28 -> Node 0
Oct 30 12:26:50 localhost kernel: SRAT: PXM 0 -> APIC 0x29 -> Node 0
Oct 30 12:26:50 localhost kernel: SRAT: PXM 0 -> APIC 0x2a -> Node 0
Oct 30 12:26:50 localhost kernel: SRAT: PXM 0 -> APIC 0x2b -> Node 0
Oct 30 12:26:50 localhost kernel: SRAT: PXM 0 -> APIC 0x2c -> Node 0
Oct 30 12:26:50 localhost kernel: SRAT: PXM 0 -> APIC 0x2d -> Node 0
Oct 30 12:26:50 localhost kernel: SRAT: PXM 0 -> APIC 0x2e -> Node 0
Oct 30 12:26:50 localhost kernel: SRAT: PXM 0 -> APIC 0x2f -> Node 0
Oct 30 12:26:50 localhost kernel: SRAT: PXM 0 -> APIC 0x30 -> Node 0
Oct 30 12:26:50 localhost kernel: SRAT: PXM 0 -> APIC 0x31 -> Node 0
Oct 30 12:26:50 localhost kernel: SRAT: PXM 0 -> APIC 0x32 -> Node 0
Oct 30 12:26:50 localhost kernel: SRAT: PXM 0 -> APIC 0x33 -> Node 0
Oct 30 12:26:50 localhost kernel: SRAT: PXM 0 -> APIC 0x34 -> Node 0
Oct 30 12:26:50 localhost kernel: SRAT: PXM 0 -> APIC 0x35 -> Node 0
Oct 30 12:26:50 localhost kernel: SRAT: PXM 0 -> APIC 0x36 -> Node 0
Oct 30 12:26:50 localhost kernel: SRAT: PXM 0 -> APIC 0x37 -> Node 0
Oct 30 12:26:50 localhost kernel: SRAT: PXM 0 -> APIC 0x38 -> Node 0
Oct 30 12:26:50 localhost kernel: SRAT: PXM 0 -> APIC 0x39 -> Node 0
Oct 30 12:26:50 localhost kernel: SRAT: PXM 0 -> APIC 0x3a -> Node 0
Oct 30 12:26:50 localhost kernel: SRAT: PXM 0 -> APIC 0x3b -> Node 0
Oct 30 12:26:50 localhost kernel: SRAT: PXM 0 -> APIC 0x3c -> Node 0
Oct 30 12:26:50 localhost kernel: SRAT: PXM 0 -> APIC 0x3d -> Node 0
Oct 30 12:26:50 localhost kernel: SRAT: PXM 0 -> APIC 0x3e -> Node 0
Oct 30 12:26:50 localhost kernel: SRAT: PXM 0 -> APIC 0x3f -> Node 0
Oct 30 12:26:50 localhost kernel: SRAT: Node 0 PXM 0 [mem 0x00000000-0x0009ffff]
Oct 30 12:26:50 localhost kernel: SRAT: Node 0 PXM 0 [mem 0x00100000-0x7fffffff]
Oct 30 12:26:50 localhost kernel: SRAT: Node 0 PXM 0 [mem 0x80000000-0xbfffffff] hotplug
Oct 30 12:26:50 localhost kernel: NUMA: Node 0 [mem 0x00000000-0x0009ffff] + [mem 0x00100000-0x7fffffff] -> [mem 0x00000000-0x7fffffff]
Oct 30 12:26:50 localhost kernel: Initmem setup node 0 [mem 0x00000000-0x7fffffff]
Oct 30 12:26:50 localhost kernel:  NODE_DATA [mem 0x7ffd9000-0x7fffffff]
Oct 30 12:26:50 localhost kernel: Reserving 161MB of memory at 688MB for crashkernel (System RAM: 2047MB)
Oct 30 12:26:50 localhost kernel: Zone ranges:
Oct 30 12:26:50 localhost kernel:  DMA      [mem 0x00001000-0x00ffffff]
Oct 30 12:26:50 localhost kernel:  DMA32    [mem 0x01000000-0xffffffff]
Oct 30 12:26:50 localhost kernel:  Normal   empty
Oct 30 12:26:50 localhost kernel: Movable zone start for each node
Oct 30 12:26:50 localhost kernel: Early memory node ranges
Oct 30 12:26:50 localhost kernel:  node   0: [mem 0x00001000-0x0009efff]
Oct 30 12:26:50 localhost kernel:  node   0: [mem 0x00100000-0x7fedffff]
Oct 30 12:26:50 localhost kernel:  node   0: [mem 0x7ff00000-0x7fffffff]
Oct 30 12:26:50 localhost kernel: ACPI: PM-Timer IO Port: 0x1008
Oct 30 12:26:50 localhost kernel: ACPI: LAPIC (acpi_id[0x00] lapic_id[0x00] enabled)
Oct 30 12:26:50 localhost kernel: ACPI: LAPIC (acpi_id[0x01] lapic_id[0x01] enabled)
Oct 30 12:26:50 localhost kernel: ACPI: LAPIC (acpi_id[0x02] lapic_id[0x02] enabled)
Oct 30 12:26:50 localhost kernel: ACPI: LAPIC (acpi_id[0x03] lapic_id[0x03] enabled)
Oct 30 12:26:50 localhost kernel: ACPI: LAPIC (acpi_id[0x04] lapic_id[0x04] disabled)
Oct 30 12:26:50 localhost kernel: ACPI: LAPIC (acpi_id[0x05] lapic_id[0x05] disabled)
Oct 30 12:26:50 localhost kernel: ACPI: LAPIC (acpi_id[0x06] lapic_id[0x06] disabled)
Oct 30 12:26:50 localhost kernel: ACPI: LAPIC (acpi_id[0x07] lapic_id[0x07] disabled)
Oct 30 12:26:50 localhost kernel: ACPI: LAPIC (acpi_id[0x08] lapic_id[0x08] disabled)
Oct 30 12:26:50 localhost kernel: ACPI: LAPIC (acpi_id[0x09] lapic_id[0x09] disabled)
Oct 30 12:26:50 localhost kernel: ACPI: LAPIC (acpi_id[0x0a] lapic_id[0x0a] disabled)
Oct 30 12:26:50 localhost kernel: ACPI: LAPIC (acpi_id[0x0b] lapic_id[0x0b] disabled)
Oct 30 12:26:50 localhost kernel: ACPI: LAPIC (acpi_id[0x0c] lapic_id[0x0c] disabled)
Oct 30 12:26:50 localhost kernel: ACPI: LAPIC (acpi_id[0x0d] lapic_id[0x0d] disabled)
Oct 30 12:26:50 localhost kernel: ACPI: LAPIC (acpi_id[0x0e] lapic_id[0x0e] disabled)
Oct 30 12:26:50 localhost kernel: ACPI: LAPIC (acpi_id[0x0f] lapic_id[0x0f] disabled)
Oct 30 12:26:50 localhost kernel: ACPI: LAPIC (acpi_id[0x10] lapic_id[0x10] disabled)
Oct 30 12:26:50 localhost kernel: ACPI: LAPIC (acpi_id[0x11] lapic_id[0x11] disabled)
Oct 30 12:26:50 localhost kernel: ACPI: LAPIC (acpi_id[0x12] lapic_id[0x12] disabled)
Oct 30 12:26:50 localhost kernel: ACPI: LAPIC (acpi_id[0x13] lapic_id[0x13] disabled)
Oct 30 12:26:50 localhost kernel: ACPI: LAPIC (acpi_id[0x14] lapic_id[0x14] disabled)
Oct 30 12:26:50 localhost kernel: ACPI: LAPIC (acpi_id[0x15] lapic_id[0x15] disabled)
Oct 30 12:26:50 localhost kernel: ACPI: LAPIC (acpi_id[0x16] lapic_id[0x16] disabled)
Oct 30 12:26:50 localhost kernel: ACPI: LAPIC (acpi_id[0x17] lapic_id[0x17] disabled)
Oct 30 12:26:50 localhost kernel: ACPI: LAPIC (acpi_id[0x18] lapic_id[0x18] disabled)
Oct 30 12:26:50 localhost kernel: ACPI: LAPIC (acpi_id[0x19] lapic_id[0x19] disabled)
Oct 30 12:26:50 localhost kernel: ACPI: LAPIC (acpi_id[0x1a] lapic_id[0x1a] disabled)
Oct 30 12:26:50 localhost kernel: ACPI: LAPIC (acpi_id[0x1b] lapic_id[0x1b] disabled)
Oct 30 12:26:50 localhost kernel: ACPI: LAPIC (acpi_id[0x1c] lapic_id[0x1c] disabled)
Oct 30 12:26:50 localhost kernel: ACPI: LAPIC (acpi_id[0x1d] lapic_id[0x1d] disabled)
Oct 30 12:26:50 localhost kernel: ACPI: LAPIC (acpi_id[0x1e] lapic_id[0x1e] disabled)
Oct 30 12:26:50 localhost kernel: ACPI: LAPIC (acpi_id[0x1f] lapic_id[0x1f] disabled)
Oct 30 12:26:50 localhost kernel: ACPI: LAPIC (acpi_id[0x20] lapic_id[0x20] disabled)
Oct 30 12:26:50 localhost kernel: ACPI: LAPIC (acpi_id[0x21] lapic_id[0x21] disabled)
Oct 30 12:26:50 localhost kernel: ACPI: LAPIC (acpi_id[0x22] lapic_id[0x22] disabled)
Oct 30 12:26:50 localhost kernel: ACPI: LAPIC (acpi_id[0x23] lapic_id[0x23] disabled)
Oct 30 12:26:50 localhost kernel: ACPI: LAPIC (acpi_id[0x24] lapic_id[0x24] disabled)
Oct 30 12:26:50 localhost kernel: ACPI: LAPIC (acpi_id[0x25] lapic_id[0x25] disabled)
Oct 30 12:26:50 localhost kernel: ACPI: LAPIC (acpi_id[0x26] lapic_id[0x26] disabled)
Oct 30 12:26:50 localhost kernel: ACPI: LAPIC (acpi_id[0x27] lapic_id[0x27] disabled)
Oct 30 12:26:50 localhost kernel: ACPI: LAPIC (acpi_id[0x28] lapic_id[0x28] disabled)
Oct 30 12:26:50 localhost kernel: ACPI: LAPIC (acpi_id[0x29] lapic_id[0x29] disabled)
Oct 30 12:26:50 localhost kernel: ACPI: LAPIC (acpi_id[0x2a] lapic_id[0x2a] disabled)
Oct 30 12:26:50 localhost kernel: ACPI: LAPIC (acpi_id[0x2b] lapic_id[0x2b] disabled)
Oct 30 12:26:50 localhost kernel: ACPI: LAPIC (acpi_id[0x2c] lapic_id[0x2c] disabled)
Oct 30 12:26:50 localhost kernel: ACPI: LAPIC (acpi_id[0x2d] lapic_id[0x2d] disabled)
Oct 30 12:26:50 localhost kernel: ACPI: LAPIC (acpi_id[0x2e] lapic_id[0x2e] disabled)
Oct 30 12:26:50 localhost kernel: ACPI: LAPIC (acpi_id[0x2f] lapic_id[0x2f] disabled)
Oct 30 12:26:50 localhost kernel: ACPI: LAPIC (acpi_id[0x30] lapic_id[0x30] disabled)
Oct 30 12:26:50 localhost kernel: ACPI: LAPIC (acpi_id[0x31] lapic_id[0x31] disabled)
Oct 30 12:26:50 localhost kernel: ACPI: LAPIC (acpi_id[0x32] lapic_id[0x32] disabled)
Oct 30 12:26:50 localhost kernel: ACPI: LAPIC (acpi_id[0x33] lapic_id[0x33] disabled)
Oct 30 12:26:50 localhost kernel: ACPI: LAPIC (acpi_id[0x34] lapic_id[0x34] disabled)
Oct 30 12:26:50 localhost kernel: ACPI: LAPIC (acpi_id[0x35] lapic_id[0x35] disabled)
Oct 30 12:26:50 localhost kernel: ACPI: LAPIC (acpi_id[0x36] lapic_id[0x36] disabled)
Oct 30 12:26:50 localhost kernel: ACPI: LAPIC (acpi_id[0x37] lapic_id[0x37] disabled)
Oct 30 12:26:50 localhost kernel: ACPI: LAPIC (acpi_id[0x38] lapic_id[0x38] disabled)
Oct 30 12:26:50 localhost kernel: ACPI: LAPIC (acpi_id[0x39] lapic_id[0x39] disabled)
Oct 30 12:26:50 localhost kernel: ACPI: LAPIC (acpi_id[0x3a] lapic_id[0x3a] disabled)
Oct 30 12:26:50 localhost kernel: ACPI: LAPIC (acpi_id[0x3b] lapic_id[0x3b] disabled)
Oct 30 12:26:50 localhost kernel: ACPI: LAPIC (acpi_id[0x3c] lapic_id[0x3c] disabled)
Oct 30 12:26:50 localhost kernel: ACPI: LAPIC (acpi_id[0x3d] lapic_id[0x3d] disabled)
Oct 30 12:26:50 localhost kernel: ACPI: LAPIC (acpi_id[0x3e] lapic_id[0x3e] disabled)
Oct 30 12:26:50 localhost kernel: ACPI: LAPIC (acpi_id[0x3f] lapic_id[0x3f] disabled)
Oct 30 12:26:50 localhost kernel: ACPI: LAPIC_NMI (acpi_id[0x00] high edge lint[0x1])
Oct 30 12:26:50 localhost kernel: ACPI: LAPIC_NMI (acpi_id[0x01] high edge lint[0x1])
Oct 30 12:26:50 localhost kernel: ACPI: LAPIC_NMI (acpi_id[0x02] high edge lint[0x1])
Oct 30 12:26:50 localhost kernel: ACPI: LAPIC_NMI (acpi_id[0x03] high edge lint[0x1])
Oct 30 12:26:50 localhost kernel: ACPI: LAPIC_NMI (acpi_id[0x04] high edge lint[0x1])
Oct 30 12:26:50 localhost kernel: ACPI: LAPIC_NMI (acpi_id[0x05] high edge lint[0x1])
Oct 30 12:26:50 localhost kernel: ACPI: LAPIC_NMI (acpi_id[0x06] high edge lint[0x1])
Oct 30 12:26:50 localhost kernel: ACPI: LAPIC_NMI (acpi_id[0x07] high edge lint[0x1])
Oct 30 12:26:50 localhost kernel: ACPI: LAPIC_NMI (acpi_id[0x08] high edge lint[0x1])
Oct 30 12:26:50 localhost kernel: ACPI: LAPIC_NMI (acpi_id[0x09] high edge lint[0x1])
Oct 30 12:26:50 localhost kernel: ACPI: LAPIC_NMI (acpi_id[0x0a] high edge lint[0x1])
Oct 30 12:26:50 localhost kernel: ACPI: LAPIC_NMI (acpi_id[0x0b] high edge lint[0x1])
Oct 30 12:26:50 localhost kernel: ACPI: LAPIC_NMI (acpi_id[0x0c] high edge lint[0x1])
Oct 30 12:26:50 localhost kernel: ACPI: LAPIC_NMI (acpi_id[0x0d] high edge lint[0x1])
Oct 30 12:26:50 localhost kernel: ACPI: LAPIC_NMI (acpi_id[0x0e] high edge lint[0x1])
Oct 30 12:26:50 localhost kernel: ACPI: LAPIC_NMI (acpi_id[0x0f] high edge lint[0x1])
Oct 30 12:26:50 localhost kernel: ACPI: LAPIC_NMI (acpi_id[0x10] high edge lint[0x1])
Oct 30 12:26:50 localhost kernel: ACPI: LAPIC_NMI (acpi_id[0x11] high edge lint[0x1])
Oct 30 12:26:50 localhost kernel: ACPI: LAPIC_NMI (acpi_id[0x12] high edge lint[0x1])
Oct 30 12:26:50 localhost kernel: ACPI: LAPIC_NMI (acpi_id[0x13] high edge lint[0x1])
Oct 30 12:26:50 localhost kernel: ACPI: LAPIC_NMI (acpi_id[0x14] high edge lint[0x1])
Oct 30 12:26:50 localhost kernel: ACPI: LAPIC_NMI (acpi_id[0x15] high edge lint[0x1])
Oct 30 12:26:50 localhost kernel: ACPI: LAPIC_NMI (acpi_id[0x16] high edge lint[0x1])
Oct 30 12:26:50 localhost kernel: ACPI: LAPIC_NMI (acpi_id[0x17] high edge lint[0x1])
Oct 30 12:26:50 localhost kernel: ACPI: LAPIC_NMI (acpi_id[0x18] high edge lint[0x1])
Oct 30 12:26:50 localhost kernel: ACPI: LAPIC_NMI (acpi_id[0x19] high edge lint[0x1])
Oct 30 12:26:50 localhost kernel: ACPI: LAPIC_NMI (acpi_id[0x1a] high edge lint[0x1])
Oct 30 12:26:50 localhost kernel: ACPI: LAPIC_NMI (acpi_id[0x1b] high edge lint[0x1])
Oct 30 12:26:50 localhost kernel: ACPI: LAPIC_NMI (acpi_id[0x1c] high edge lint[0x1])
Oct 30 12:26:50 localhost kernel: ACPI: LAPIC_NMI (acpi_id[0x1d] high edge lint[0x1])
Oct 30 12:26:50 localhost kernel: ACPI: LAPIC_NMI (acpi_id[0x1e] high edge lint[0x1])
Oct 30 12:26:50 localhost kernel: ACPI: LAPIC_NMI (acpi_id[0x1f] high edge lint[0x1])
Oct 30 12:26:50 localhost kernel: ACPI: LAPIC_NMI (acpi_id[0x20] high edge lint[0x1])
Oct 30 12:26:50 localhost kernel: ACPI: LAPIC_NMI (acpi_id[0x21] high edge lint[0x1])
Oct 30 12:26:50 localhost kernel: ACPI: LAPIC_NMI (acpi_id[0x22] high edge lint[0x1])
Oct 30 12:26:50 localhost kernel: ACPI: LAPIC_NMI (acpi_id[0x23] high edge lint[0x1])
Oct 30 12:26:50 localhost kernel: ACPI: LAPIC_NMI (acpi_id[0x24] high edge lint[0x1])
Oct 30 12:26:50 localhost kernel: ACPI: LAPIC_NMI (acpi_id[0x25] high edge lint[0x1])
Oct 30 12:26:50 localhost kernel: ACPI: LAPIC_NMI (acpi_id[0x26] high edge lint[0x1])
Oct 30 12:26:50 localhost kernel: ACPI: LAPIC_NMI (acpi_id[0x27] high edge lint[0x1])
Oct 30 12:26:50 localhost kernel: ACPI: LAPIC_NMI (acpi_id[0x28] high edge lint[0x1])
Oct 30 12:26:50 localhost kernel: ACPI: LAPIC_NMI (acpi_id[0x29] high edge lint[0x1])
Oct 30 12:26:50 localhost kernel: ACPI: LAPIC_NMI (acpi_id[0x2a] high edge lint[0x1])
Oct 30 12:26:50 localhost kernel: ACPI: LAPIC_NMI (acpi_id[0x2b] high edge lint[0x1])
Oct 30 12:26:50 localhost kernel: ACPI: LAPIC_NMI (acpi_id[0x2c] high edge lint[0x1])
Oct 30 12:26:50 localhost kernel: ACPI: LAPIC_NMI (acpi_id[0x2d] high edge lint[0x1])
Oct 30 12:26:50 localhost kernel: ACPI: LAPIC_NMI (acpi_id[0x2e] high edge lint[0x1])
Oct 30 12:26:50 localhost kernel: ACPI: LAPIC_NMI (acpi_id[0x2f] high edge lint[0x1])
Oct 30 12:26:50 localhost kernel: ACPI: LAPIC_NMI (acpi_id[0x30] high edge lint[0x1])
Oct 30 12:26:50 localhost kernel: ACPI: LAPIC_NMI (acpi_id[0x31] high edge lint[0x1])
Oct 30 12:26:50 localhost kernel: ACPI: LAPIC_NMI (acpi_id[0x32] high edge lint[0x1])
Oct 30 12:26:50 localhost kernel: ACPI: LAPIC_NMI (acpi_id[0x33] high edge lint[0x1])
Oct 30 12:26:50 localhost kernel: ACPI: LAPIC_NMI (acpi_id[0x34] high edge lint[0x1])
Oct 30 12:26:50 localhost kernel: ACPI: LAPIC_NMI (acpi_id[0x35] high edge lint[0x1])
Oct 30 12:26:50 localhost kernel: ACPI: LAPIC_NMI (acpi_id[0x36] high edge lint[0x1])
Oct 30 12:26:50 localhost kernel: ACPI: LAPIC_NMI (acpi_id[0x37] high edge lint[0x1])
Oct 30 12:26:50 localhost kernel: ACPI: LAPIC_NMI (acpi_id[0x38] high edge lint[0x1])
Oct 30 12:26:50 localhost kernel: ACPI: LAPIC_NMI (acpi_id[0x39] high edge lint[0x1])
Oct 30 12:26:50 localhost kernel: ACPI: LAPIC_NMI (acpi_id[0x3a] high edge lint[0x1])
Oct 30 12:26:50 localhost kernel: ACPI: LAPIC_NMI (acpi_id[0x3b] high edge lint[0x1])
Oct 30 12:26:50 localhost kernel: ACPI: LAPIC_NMI (acpi_id[0x3c] high edge lint[0x1])
Oct 30 12:26:50 localhost kernel: ACPI: LAPIC_NMI (acpi_id[0x3d] high edge lint[0x1])
Oct 30 12:26:50 localhost kernel: ACPI: LAPIC_NMI (acpi_id[0x3e] high edge lint[0x1])
Oct 30 12:26:50 localhost kernel: ACPI: LAPIC_NMI (acpi_id[0x3f] high edge lint[0x1])
Oct 30 12:26:50 localhost kernel: ACPI: IOAPIC (id[0x40] address[0xfec00000] gsi_base[0])
Oct 30 12:26:50 localhost kernel: IOAPIC[0]: apic_id 64, version 17, address 0xfec00000, GSI 0-23
Oct 30 12:26:50 localhost kernel: ACPI: INT_SRC_OVR (bus 0 bus_irq 0 global_irq 2 high edge)
Oct 30 12:26:50 localhost kernel: Using ACPI (MADT) for SMP configuration information
Oct 30 12:26:50 localhost kernel: ACPI: HPET id: 0x8086af01 base: 0xfed00000
Oct 30 12:26:50 localhost kernel: smpboot: Allowing 64 CPUs, 60 hotplug CPUs
Oct 30 12:26:50 localhost kernel: PM: Registered nosave memory: [mem 0x0009f000-0x0009ffff]
Oct 30 12:26:50 localhost kernel: PM: Registered nosave memory: [mem 0x000a0000-0x000dbfff]
Oct 30 12:26:50 localhost kernel: PM: Registered nosave memory: [mem 0x000dc000-0x000fffff]
Oct 30 12:26:50 localhost kernel: PM: Registered nosave memory: [mem 0x7fee0000-0x7fefefff]
Oct 30 12:26:50 localhost kernel: PM: Registered nosave memory: [mem 0x7feff000-0x7fefffff]
Oct 30 12:26:50 localhost kernel: e820: [mem 0x80000000-0xefffffff] available for PCI devices
Oct 30 12:26:50 localhost kernel: Booting paravirtualized kernel on bare hardware
Oct 30 12:26:50 localhost kernel: Detected CPU family 6 model 142
Oct 30 12:26:50 localhost kernel: Warning: Intel CPU model - this hardware has not undergone upstream testing. Please consult http://wiki.centos.org/FAQ for more information
Oct 30 12:26:50 localhost kernel: setup_percpu: NR_CPUS:5120 nr_cpumask_bits:64 nr_cpu_ids:64 nr_node_ids:1
Oct 30 12:26:50 localhost kernel: PERCPU: Embedded 31 pages/cpu @ffff88007f600000 s87232 r8192 d31552 u131072
Oct 30 12:26:50 localhost kernel: Built 1 zonelists in Node order, mobility grouping on.  Total pages: 515945
Oct 30 12:26:50 localhost kernel: Policy zone: DMA32
Oct 30 12:26:50 localhost kernel: Kernel command line: BOOT_IMAGE=/vmlinuz-3.10.0-327.18.2.el7.x86_64 root=/dev/mapper/centos-root ro rd.lvm.lv=centos/swap vconsole.font=latarcyrheb-sun16 rd.lvm.lv=centos/root crashkernel=auto vconsole.keymap=us rhgb quiet LANG=en_US.UTF-8
Oct 30 12:26:50 localhost kernel: PID hash table entries: 4096 (order: 3, 32768 bytes)
Oct 30 12:26:50 localhost kernel: x86/fpu: xstate_offset[2]: 0240, xstate_sizes[2]: 0100
Oct 30 12:26:50 localhost kernel: xsave: enabled xstate_bv 0x7, cntxt size 0x340
Oct 30 12:26:50 localhost kernel: AGP: Checking aperture...
Oct 30 12:26:50 localhost kernel: AGP: No AGP bridge found
Oct 30 12:26:50 localhost kernel: Memory: 1857588k/2097152k available (6442k kernel code, 520k absent, 239044k reserved, 4264k data, 1620k init)
Oct 30 12:26:50 localhost kernel: SLUB: HWalign=64, Order=0-3, MinObjects=0, CPUs=64, Nodes=1
Oct 30 12:26:50 localhost kernel: Hierarchical RCU implementation.
Oct 30 12:26:50 localhost kernel: 	RCU restricting CPUs from NR_CPUS=5120 to nr_cpu_ids=64.
Oct 30 12:26:50 localhost kernel: 	Offload RCU callbacks from all CPUs
Oct 30 12:26:50 localhost kernel: 	Offload RCU callbacks from CPUs: 0-63.
Oct 30 12:26:50 localhost kernel: NR_IRQS:327936 nr_irqs:936 0
Oct 30 12:26:50 localhost kernel: Console: colour VGA+ 80x25
Oct 30 12:26:50 localhost kernel: console [tty0] enabled
Oct 30 12:26:50 localhost kernel: allocated 8388608 bytes of page_cgroup
Oct 30 12:26:50 localhost kernel: please try 'cgroup_disable=memory' option if you don't want memory cgroups
Oct 30 12:26:50 localhost kernel: TSC freq read from hypervisor : 2712.002 MHz
Oct 30 12:26:50 localhost kernel: tsc: Detected 2712.002 MHz processor
Oct 30 12:26:50 localhost kernel: Calibrating delay loop (skipped) preset value.. 5424.00 BogoMIPS (lpj=2712002)
Oct 30 12:26:50 localhost kernel: pid_max: default: 65536 minimum: 512
Oct 30 12:26:50 localhost kernel: Security Framework initialized
Oct 30 12:26:50 localhost kernel: SELinux:  Initializing.
Oct 30 12:26:50 localhost kernel: Dentry cache hash table entries: 262144 (order: 9, 2097152 bytes)
Oct 30 12:26:50 localhost kernel: Inode-cache hash table entries: 131072 (order: 8, 1048576 bytes)
Oct 30 12:26:50 localhost kernel: Mount-cache hash table entries: 4096
Oct 30 12:26:50 localhost kernel: Initializing cgroup subsys memory
Oct 30 12:26:50 localhost kernel: Initializing cgroup subsys devices
Oct 30 12:26:50 localhost kernel: Initializing cgroup subsys freezer
Oct 30 12:26:50 localhost kernel: Initializing cgroup subsys net_cls
Oct 30 12:26:50 localhost kernel: Initializing cgroup subsys blkio
Oct 30 12:26:50 localhost kernel: Initializing cgroup subsys perf_event
Oct 30 12:26:50 localhost kernel: Initializing cgroup subsys hugetlb
Oct 30 12:26:50 localhost kernel: Disabled fast string operations
Oct 30 12:26:50 localhost kernel: CPU: Physical Processor ID: 0
Oct 30 12:26:50 localhost kernel: CPU: Processor Core ID: 0
Oct 30 12:26:50 localhost kernel: mce: CPU supports 0 MCE banks
Oct 30 12:26:50 localhost kernel: Last level iTLB entries: 4KB 0, 2MB 0, 4MB 0
Last level dTLB entries: 4KB 64, 2MB 0, 4MB 0
tlb_flushall_shift: 6
Oct 30 12:26:50 localhost kernel: Freeing SMP alternatives: 28k freed
Oct 30 12:26:50 localhost kernel: ACPI: Core revision 20130517
Oct 30 12:26:50 localhost kernel: ACPI: All ACPI Tables successfully acquired
Oct 30 12:26:50 localhost kernel: ftrace: allocating 24588 entries in 97 pages
Oct 30 12:26:50 localhost kernel: ..TIMER: vector=0x30 apic1=0 pin1=2 apic2=-1 pin2=-1
Oct 30 12:26:50 localhost kernel: smpboot: CPU0: Intel(R) Core(TM) i5-7200U CPU @ 2.50GHz (fam: 06, model: 8e, stepping: 09)
Oct 30 12:26:50 localhost kernel: Performance Events: generic architected perfmon v1, core PMU driver.
Oct 30 12:26:50 localhost kernel: perf_event_intel: CPUID marked event: 'cpu cycles' unavailable
Oct 30 12:26:50 localhost kernel: perf_event_intel: CPUID marked event: 'instructions' unavailable
Oct 30 12:26:50 localhost kernel: perf_event_intel: CPUID marked event: 'bus cycles' unavailable
Oct 30 12:26:50 localhost kernel: perf_event_intel: CPUID marked event: 'cache references' unavailable
Oct 30 12:26:50 localhost kernel: perf_event_intel: CPUID marked event: 'cache misses' unavailable
Oct 30 12:26:50 localhost kernel: perf_event_intel: CPUID marked event: 'branch instructions' unavailable
Oct 30 12:26:50 localhost kernel: perf_event_intel: CPUID marked event: 'branch misses' unavailable
Oct 30 12:26:50 localhost kernel: ... version:                1
Oct 30 12:26:50 localhost kernel: ... bit width:              48
Oct 30 12:26:50 localhost kernel: ... generic registers:      4
Oct 30 12:26:50 localhost kernel: ... value mask:             0000ffffffffffff
Oct 30 12:26:50 localhost kernel: ... max period:             000000007fffffff
Oct 30 12:26:50 localhost kernel: ... fixed-purpose events:   0
Oct 30 12:26:50 localhost kernel: ... event mask:             000000000000000f
Oct 30 12:26:50 localhost kernel: NMI watchdog: disabled (cpu0): hardware events not enabled
Oct 30 12:26:50 localhost kernel: Disabled fast string operations
Oct 30 12:26:50 localhost kernel: mce: CPU supports 0 MCE banks
Oct 30 12:26:50 localhost kernel: Disabled fast string operations
Oct 30 12:26:50 localhost kernel: mce: CPU supports 0 MCE banks
Oct 30 12:26:50 localhost kernel: Disabled fast string operations
Oct 30 12:26:50 localhost kernel: mce: CPU supports 0 MCE banks
Oct 30 12:26:50 localhost kernel: smpboot: Booting Node   0, Processors  #1 #2 #3
Oct 30 12:26:50 localhost kernel: Brought up 4 CPUs
Oct 30 12:26:50 localhost kernel: smpboot: Total of 4 processors activated (21696.01 BogoMIPS)
Oct 30 12:26:50 localhost kernel: devtmpfs: initialized
Oct 30 12:26:50 localhost kernel: EVM: security.selinux
Oct 30 12:26:50 localhost kernel: EVM: security.ima
Oct 30 12:26:50 localhost kernel: EVM: security.capability
Oct 30 12:26:50 localhost kernel: PM: Registering ACPI NVS region [mem 0x7feff000-0x7fefffff] (4096 bytes)
Oct 30 12:26:50 localhost kernel: atomic64 test passed for x86-64 platform with CX8 and with SSE
Oct 30 12:26:50 localhost kernel: NET: Registered protocol family 16
Oct 30 12:26:50 localhost kernel: ACPI: bus type PCI registered
Oct 30 12:26:50 localhost kernel: acpiphp: ACPI Hot Plug PCI Controller Driver version: 0.5
Oct 30 12:26:50 localhost kernel: PCI: MMCONFIG for domain 0000 [bus 00-7f] at [mem 0xf0000000-0xf7ffffff] (base 0xf0000000)
Oct 30 12:26:50 localhost kernel: PCI: MMCONFIG at [mem 0xf0000000-0xf7ffffff] reserved in E820
Oct 30 12:26:50 localhost kernel: PCI: Using configuration type 1 for base access
Oct 30 12:26:50 localhost kernel: ACPI: Added _OSI(Module Device)
Oct 30 12:26:50 localhost kernel: ACPI: Added _OSI(Processor Device)
Oct 30 12:26:50 localhost kernel: ACPI: Added _OSI(3.0 _SCP Extensions)
Oct 30 12:26:50 localhost kernel: ACPI: Added _OSI(Processor Aggregator Device)
Oct 30 12:26:50 localhost kernel: [Firmware Bug]: ACPI: BIOS _OSI(Linux) query ignored
Oct 30 12:26:50 localhost kernel: ACPI: Interpreter enabled
Oct 30 12:26:50 localhost kernel: ACPI Exception: AE_NOT_FOUND, While evaluating Sleep State [\_S2_] (20130517/hwxface-571)
Oct 30 12:26:50 localhost kernel: ACPI Exception: AE_NOT_FOUND, While evaluating Sleep State [\_S3_] (20130517/hwxface-571)
Oct 30 12:26:50 localhost kernel: ACPI: (supports S0 S1 S4 S5)
Oct 30 12:26:50 localhost kernel: ACPI: Using IOAPIC for interrupt routing
Oct 30 12:26:50 localhost kernel: PCI: Using host bridge windows from ACPI; if necessary, use "pci=nocrs" and report a bug
Oct 30 12:26:50 localhost kernel: ACPI: PCI Root Bridge [PCI0] (domain 0000 [bus 00-7f])
Oct 30 12:26:50 localhost kernel: acpi PNP0A03:00: _OSC: OS supports [ExtendedConfig ASPM ClockPM Segments MSI]
Oct 30 12:26:50 localhost kernel: acpi PNP0A03:00: _OSC: platform does not support [AER]
Oct 30 12:26:50 localhost kernel: acpi PNP0A03:00: _OSC: OS now controls [PCIeHotplug PME PCIeCapability]
Oct 30 12:26:50 localhost kernel: PCI host bridge to bus 0000:00
Oct 30 12:26:50 localhost kernel: pci_bus 0000:00: root bus resource [bus 00-7f]
Oct 30 12:26:50 localhost kernel: pci_bus 0000:00: root bus resource [mem 0x000a0000-0x000bffff]
Oct 30 12:26:50 localhost kernel: pci_bus 0000:00: root bus resource [mem 0x000cc000-0x000cffff]
Oct 30 12:26:50 localhost kernel: pci_bus 0000:00: root bus resource [mem 0x000d0000-0x000d3fff]
Oct 30 12:26:50 localhost kernel: pci_bus 0000:00: root bus resource [mem 0x000d4000-0x000d7fff]
Oct 30 12:26:50 localhost kernel: pci_bus 0000:00: root bus resource [mem 0x000d8000-0x000dbfff]
Oct 30 12:26:50 localhost kernel: pci_bus 0000:00: root bus resource [mem 0xc0000000-0xfebfffff]
Oct 30 12:26:50 localhost kernel: pci_bus 0000:00: root bus resource [io  0x0000-0x0cf7]
Oct 30 12:26:50 localhost kernel: pci_bus 0000:00: root bus resource [io  0x0d00-0xfeff]
Oct 30 12:26:50 localhost kernel: pci 0000:00:07.1: legacy IDE quirk: reg 0x10: [io  0x01f0-0x01f7]
Oct 30 12:26:50 localhost kernel: pci 0000:00:07.1: legacy IDE quirk: reg 0x14: [io  0x03f6]
Oct 30 12:26:50 localhost kernel: pci 0000:00:07.1: legacy IDE quirk: reg 0x18: [io  0x0170-0x0177]
Oct 30 12:26:50 localhost kernel: pci 0000:00:07.1: legacy IDE quirk: reg 0x1c: [io  0x0376]
Oct 30 12:26:50 localhost kernel: pci 0000:00:07.3: quirk: [io  0x1000-0x103f] claimed by PIIX4 ACPI
Oct 30 12:26:50 localhost kernel: pci 0000:00:07.3: quirk: [io  0x1040-0x104f] claimed by PIIX4 SMB
Oct 30 12:26:50 localhost kernel: pci 0000:00:11.0: System wakeup disabled by ACPI
Oct 30 12:26:50 localhost kernel: pci 0000:00:15.0: System wakeup disabled by ACPI
Oct 30 12:26:50 localhost kernel: pci 0000:00:15.1: System wakeup disabled by ACPI
Oct 30 12:26:50 localhost kernel: pci 0000:00:15.2: System wakeup disabled by ACPI
Oct 30 12:26:50 localhost kernel: pci 0000:00:15.3: System wakeup disabled by ACPI
Oct 30 12:26:50 localhost kernel: pci 0000:00:15.4: System wakeup disabled by ACPI
Oct 30 12:26:50 localhost kernel: pci 0000:00:15.5: System wakeup disabled by ACPI
Oct 30 12:26:50 localhost kernel: pci 0000:00:15.6: System wakeup disabled by ACPI
Oct 30 12:26:50 localhost kernel: pci 0000:00:15.7: System wakeup disabled by ACPI
Oct 30 12:26:50 localhost kernel: pci 0000:00:16.0: System wakeup disabled by ACPI
Oct 30 12:26:50 localhost kernel: pci 0000:00:16.1: System wakeup disabled by ACPI
Oct 30 12:26:50 localhost kernel: pci 0000:00:16.2: System wakeup disabled by ACPI
Oct 30 12:26:50 localhost kernel: pci 0000:00:16.3: System wakeup disabled by ACPI
Oct 30 12:26:50 localhost kernel: pci 0000:00:16.4: System wakeup disabled by ACPI
Oct 30 12:26:50 localhost kernel: pci 0000:00:16.5: System wakeup disabled by ACPI
Oct 30 12:26:50 localhost kernel: pci 0000:00:16.6: System wakeup disabled by ACPI
Oct 30 12:26:50 localhost kernel: pci 0000:00:16.7: System wakeup disabled by ACPI
Oct 30 12:26:50 localhost kernel: pci 0000:00:17.0: System wakeup disabled by ACPI
Oct 30 12:26:50 localhost kernel: pci 0000:00:17.1: System wakeup disabled by ACPI
Oct 30 12:26:50 localhost kernel: pci 0000:00:17.2: System wakeup disabled by ACPI
Oct 30 12:26:50 localhost kernel: pci 0000:00:17.3: System wakeup disabled by ACPI
Oct 30 12:26:50 localhost kernel: pci 0000:00:17.4: System wakeup disabled by ACPI
Oct 30 12:26:50 localhost kernel: pci 0000:00:17.5: System wakeup disabled by ACPI
Oct 30 12:26:50 localhost kernel: pci 0000:00:17.6: System wakeup disabled by ACPI
Oct 30 12:26:50 localhost kernel: pci 0000:00:17.7: System wakeup disabled by ACPI
Oct 30 12:26:50 localhost kernel: pci 0000:00:18.0: System wakeup disabled by ACPI
Oct 30 12:26:50 localhost kernel: pci 0000:00:18.1: System wakeup disabled by ACPI
Oct 30 12:26:50 localhost kernel: pci 0000:00:18.2: System wakeup disabled by ACPI
Oct 30 12:26:50 localhost kernel: pci 0000:00:18.3: System wakeup disabled by ACPI
Oct 30 12:26:50 localhost kernel: pci 0000:00:18.4: System wakeup disabled by ACPI
Oct 30 12:26:50 localhost kernel: pci 0000:00:18.5: System wakeup disabled by ACPI
Oct 30 12:26:50 localhost kernel: pci 0000:00:18.6: System wakeup disabled by ACPI
Oct 30 12:26:50 localhost kernel: pci 0000:00:18.7: System wakeup disabled by ACPI
Oct 30 12:26:50 localhost kernel: pci 0000:00:01.0: PCI bridge to [bus 01]
Oct 30 12:26:50 localhost kernel: acpiphp: Slot [32] registered
Oct 30 12:26:50 localhost kernel: acpiphp: Slot [33] registered
Oct 30 12:26:50 localhost kernel: acpiphp: Slot [34] registered
Oct 30 12:26:50 localhost kernel: acpiphp: Slot [35] registered
Oct 30 12:26:50 localhost kernel: acpiphp: Slot [36] registered
Oct 30 12:26:50 localhost kernel: acpiphp: Slot [37] registered
Oct 30 12:26:50 localhost kernel: acpiphp: Slot [38] registered
Oct 30 12:26:50 localhost kernel: acpiphp: Slot [39] registered
Oct 30 12:26:50 localhost kernel: acpiphp: Slot [40] registered
Oct 30 12:26:50 localhost kernel: acpiphp: Slot [41] registered
Oct 30 12:26:50 localhost kernel: acpiphp: Slot [42] registered
Oct 30 12:26:50 localhost kernel: acpiphp: Slot [43] registered
Oct 30 12:26:50 localhost kernel: acpiphp: Slot [44] registered
Oct 30 12:26:50 localhost kernel: acpiphp: Slot [45] registered
Oct 30 12:26:50 localhost kernel: acpiphp: Slot [46] registered
Oct 30 12:26:50 localhost kernel: acpiphp: Slot [47] registered
Oct 30 12:26:50 localhost kernel: acpiphp: Slot [48] registered
Oct 30 12:26:50 localhost kernel: acpiphp: Slot [49] registered
Oct 30 12:26:50 localhost kernel: acpiphp: Slot [50] registered
Oct 30 12:26:50 localhost kernel: acpiphp: Slot [51] registered
Oct 30 12:26:50 localhost kernel: acpiphp: Slot [52] registered
Oct 30 12:26:50 localhost kernel: acpiphp: Slot [53] registered
Oct 30 12:26:50 localhost kernel: acpiphp: Slot [54] registered
Oct 30 12:26:50 localhost kernel: acpiphp: Slot [55] registered
Oct 30 12:26:50 localhost kernel: acpiphp: Slot [56] registered
Oct 30 12:26:50 localhost kernel: acpiphp: Slot [57] registered
Oct 30 12:26:50 localhost kernel: acpiphp: Slot [58] registered
Oct 30 12:26:50 localhost kernel: acpiphp: Slot [59] registered
Oct 30 12:26:50 localhost kernel: acpiphp: Slot [60] registered
Oct 30 12:26:50 localhost kernel: acpiphp: Slot [61] registered
Oct 30 12:26:50 localhost kernel: acpiphp: Slot [62] registered
Oct 30 12:26:50 localhost kernel: acpiphp: Slot [63] registered
Oct 30 12:26:50 localhost kernel: pci 0000:02:00.0: System wakeup disabled by ACPI
Oct 30 12:26:50 localhost kernel: pci 0000:02:01.0: System wakeup disabled by ACPI
Oct 30 12:26:50 localhost kernel: pci 0000:02:02.0: System wakeup disabled by ACPI
Oct 30 12:26:50 localhost kernel: pci 0000:02:03.0: System wakeup disabled by ACPI
Oct 30 12:26:50 localhost kernel: pci 0000:00:11.0: PCI bridge to [bus 02] (subtractive decode)
Oct 30 12:26:50 localhost kernel: pci 0000:00:15.0: PCI bridge to [bus 03]
Oct 30 12:26:50 localhost kernel: pci 0000:00:15.1: PCI bridge to [bus 04]
Oct 30 12:26:50 localhost kernel: pci 0000:00:15.2: PCI bridge to [bus 05]
Oct 30 12:26:50 localhost kernel: pci 0000:00:15.3: PCI bridge to [bus 06]
Oct 30 12:26:50 localhost kernel: pci 0000:00:15.4: PCI bridge to [bus 07]
Oct 30 12:26:50 localhost kernel: pci 0000:00:15.5: PCI bridge to [bus 08]
Oct 30 12:26:50 localhost kernel: pci 0000:00:15.6: PCI bridge to [bus 09]
Oct 30 12:26:50 localhost kernel: pci 0000:00:15.7: PCI bridge to [bus 0a]
Oct 30 12:26:50 localhost kernel: pci 0000:00:16.0: PCI bridge to [bus 0b]
Oct 30 12:26:50 localhost kernel: pci 0000:00:16.1: PCI bridge to [bus 0c]
Oct 30 12:26:50 localhost kernel: pci 0000:00:16.2: PCI bridge to [bus 0d]
Oct 30 12:26:50 localhost kernel: pci 0000:00:16.3: PCI bridge to [bus 0e]
Oct 30 12:26:50 localhost kernel: pci 0000:00:16.4: PCI bridge to [bus 0f]
Oct 30 12:26:50 localhost kernel: pci 0000:00:16.5: PCI bridge to [bus 10]
Oct 30 12:26:50 localhost kernel: pci 0000:00:16.6: PCI bridge to [bus 11]
Oct 30 12:26:50 localhost kernel: pci 0000:00:16.7: PCI bridge to [bus 12]
Oct 30 12:26:50 localhost kernel: pci 0000:00:17.0: PCI bridge to [bus 13]
Oct 30 12:26:50 localhost kernel: pci 0000:00:17.1: PCI bridge to [bus 14]
Oct 30 12:26:50 localhost kernel: pci 0000:00:17.2: PCI bridge to [bus 15]
Oct 30 12:26:50 localhost kernel: pci 0000:00:17.3: PCI bridge to [bus 16]
Oct 30 12:26:50 localhost kernel: pci 0000:00:17.4: PCI bridge to [bus 17]
Oct 30 12:26:50 localhost kernel: pci 0000:00:17.5: PCI bridge to [bus 18]
Oct 30 12:26:50 localhost kernel: pci 0000:00:17.6: PCI bridge to [bus 19]
Oct 30 12:26:50 localhost kernel: pci 0000:00:17.7: PCI bridge to [bus 1a]
Oct 30 12:26:50 localhost kernel: pci 0000:00:18.0: PCI bridge to [bus 1b]
Oct 30 12:26:50 localhost kernel: pci 0000:00:18.1: PCI bridge to [bus 1c]
Oct 30 12:26:50 localhost kernel: pci 0000:00:18.2: PCI bridge to [bus 1d]
Oct 30 12:26:50 localhost kernel: pci 0000:00:18.3: PCI bridge to [bus 1e]
Oct 30 12:26:50 localhost kernel: pci 0000:00:18.4: PCI bridge to [bus 1f]
Oct 30 12:26:50 localhost kernel: pci 0000:00:18.5: PCI bridge to [bus 20]
Oct 30 12:26:50 localhost kernel: pci 0000:00:18.6: PCI bridge to [bus 21]
Oct 30 12:26:50 localhost kernel: pci 0000:00:18.7: PCI bridge to [bus 22]
Oct 30 12:26:50 localhost kernel: ACPI: PCI Interrupt Link [LNKA] (IRQs 3 4 5 6 7 *9 10 11 14 15)
Oct 30 12:26:50 localhost kernel: ACPI: PCI Interrupt Link [LNKB] (IRQs 3 4 5 6 7 9 10 *11 14 15)
Oct 30 12:26:50 localhost kernel: ACPI: PCI Interrupt Link [LNKC] (IRQs 3 4 5 6 7 9 *10 11 14 15)
Oct 30 12:26:50 localhost kernel: ACPI: PCI Interrupt Link [LNKD] (IRQs 3 4 *5 6 7 9 10 11 14 15)
Oct 30 12:26:50 localhost kernel: ACPI: Enabled 2 GPEs in block 00 to 0F
Oct 30 12:26:50 localhost kernel: vgaarb: device added: PCI:0000:00:0f.0,decodes=io+mem,owns=io+mem,locks=none
Oct 30 12:26:50 localhost kernel: vgaarb: loaded
Oct 30 12:26:50 localhost kernel: vgaarb: bridge control possible 0000:00:0f.0
Oct 30 12:26:50 localhost kernel: SCSI subsystem initialized
Oct 30 12:26:50 localhost kernel: ACPI: bus type USB registered
Oct 30 12:26:50 localhost kernel: usbcore: registered new interface driver usbfs
Oct 30 12:26:50 localhost kernel: usbcore: registered new interface driver hub
Oct 30 12:26:50 localhost kernel: usbcore: registered new device driver usb
Oct 30 12:26:50 localhost kernel: PCI: Using ACPI for IRQ routing
Oct 30 12:26:50 localhost kernel: NetLabel: Initializing
Oct 30 12:26:50 localhost kernel: NetLabel:  domain hash size = 128
Oct 30 12:26:50 localhost kernel: NetLabel:  protocols = UNLABELED CIPSOv4
Oct 30 12:26:50 localhost kernel: NetLabel:  unlabeled traffic allowed by default
Oct 30 12:26:50 localhost kernel: hpet0: at MMIO 0xfed00000, IRQs 2, 8, 0, 0, 0, 0, 0, 0, 0, 0, 0, 0, 0, 0, 0, 0
Oct 30 12:26:50 localhost kernel: hpet0: 16 comparators, 64-bit 14.318180 MHz counter
Oct 30 12:26:50 localhost kernel: Switching to clocksource hpet
Oct 30 12:26:50 localhost kernel: pnp: PnP ACPI init
Oct 30 12:26:50 localhost kernel: ACPI: bus type PNP registered
Oct 30 12:26:50 localhost kernel: system 00:00: [io  0x1000-0x103f] could not be reserved
Oct 30 12:26:50 localhost kernel: system 00:00: [io  0x1040-0x104f] has been reserved
Oct 30 12:26:50 localhost kernel: system 00:00: [io  0x0cf0-0x0cf1] has been reserved
Oct 30 12:26:50 localhost kernel: system 00:07: [mem 0xfed00000-0xfed003ff] has been reserved
Oct 30 12:26:50 localhost kernel: system 00:0c: [io  0xfce0-0xfcff] has been reserved
Oct 30 12:26:50 localhost kernel: system 00:0c: [mem 0xf0000000-0xf7ffffff] has been reserved
Oct 30 12:26:50 localhost kernel: system 00:0c: [mem 0xfe800000-0xfe9fffff] has been reserved
Oct 30 12:26:50 localhost kernel: pnp: PnP ACPI: found 13 devices
Oct 30 12:26:50 localhost kernel: ACPI: bus type PNP unregistered
Oct 30 12:26:50 localhost kernel: pci 0000:00:0f.0: BAR 6: assigned [mem 0xc0000000-0xc0007fff pref]
Oct 30 12:26:50 localhost kernel: pci 0000:00:10.0: BAR 6: assigned [mem 0xc0008000-0xc000bfff pref]
Oct 30 12:26:50 localhost kernel: pci 0000:00:15.3: BAR 13: no space for [io  size 0x1000]
Oct 30 12:26:50 localhost kernel: pci 0000:00:15.3: BAR 13: failed to assign [io  size 0x1000]
Oct 30 12:26:50 localhost kernel: pci 0000:00:15.4: BAR 13: no space for [io  size 0x1000]
Oct 30 12:26:50 localhost kernel: pci 0000:00:15.4: BAR 13: failed to assign [io  size 0x1000]
Oct 30 12:26:50 localhost kernel: pci 0000:00:15.5: BAR 13: no space for [io  size 0x1000]
Oct 30 12:26:50 localhost kernel: pci 0000:00:15.5: BAR 13: failed to assign [io  size 0x1000]
Oct 30 12:26:50 localhost kernel: pci 0000:00:15.6: BAR 13: no space for [io  size 0x1000]
Oct 30 12:26:50 localhost kernel: pci 0000:00:15.6: BAR 13: failed to assign [io  size 0x1000]
Oct 30 12:26:50 localhost kernel: pci 0000:00:15.7: BAR 13: no space for [io  size 0x1000]
Oct 30 12:26:50 localhost kernel: pci 0000:00:15.7: BAR 13: failed to assign [io  size 0x1000]
Oct 30 12:26:50 localhost kernel: pci 0000:00:16.3: BAR 13: no space for [io  size 0x1000]
Oct 30 12:26:50 localhost kernel: pci 0000:00:16.3: BAR 13: failed to assign [io  size 0x1000]
Oct 30 12:26:50 localhost kernel: pci 0000:00:16.4: BAR 13: no space for [io  size 0x1000]
Oct 30 12:26:50 localhost kernel: pci 0000:00:16.4: BAR 13: failed to assign [io  size 0x1000]
Oct 30 12:26:50 localhost kernel: pci 0000:00:16.5: BAR 13: no space for [io  size 0x1000]
Oct 30 12:26:50 localhost kernel: pci 0000:00:16.5: BAR 13: failed to assign [io  size 0x1000]
Oct 30 12:26:50 localhost kernel: pci 0000:00:16.6: BAR 13: no space for [io  size 0x1000]
Oct 30 12:26:50 localhost kernel: pci 0000:00:16.6: BAR 13: failed to assign [io  size 0x1000]
Oct 30 12:26:50 localhost kernel: pci 0000:00:16.7: BAR 13: no space for [io  size 0x1000]
Oct 30 12:26:50 localhost kernel: pci 0000:00:16.7: BAR 13: failed to assign [io  size 0x1000]
Oct 30 12:26:50 localhost kernel: pci 0000:00:17.3: BAR 13: no space for [io  size 0x1000]
Oct 30 12:26:50 localhost kernel: pci 0000:00:17.3: BAR 13: failed to assign [io  size 0x1000]
Oct 30 12:26:50 localhost kernel: pci 0000:00:17.4: BAR 13: no space for [io  size 0x1000]
Oct 30 12:26:50 localhost kernel: pci 0000:00:17.4: BAR 13: failed to assign [io  size 0x1000]
Oct 30 12:26:50 localhost kernel: pci 0000:00:17.5: BAR 13: no space for [io  size 0x1000]
Oct 30 12:26:50 localhost kernel: pci 0000:00:17.5: BAR 13: failed to assign [io  size 0x1000]
Oct 30 12:26:50 localhost kernel: pci 0000:00:17.6: BAR 13: no space for [io  size 0x1000]
Oct 30 12:26:50 localhost kernel: pci 0000:00:17.6: BAR 13: failed to assign [io  size 0x1000]
Oct 30 12:26:50 localhost kernel: pci 0000:00:17.7: BAR 13: no space for [io  size 0x1000]
Oct 30 12:26:50 localhost kernel: pci 0000:00:17.7: BAR 13: failed to assign [io  size 0x1000]
Oct 30 12:26:50 localhost kernel: pci 0000:00:18.2: BAR 13: no space for [io  size 0x1000]
Oct 30 12:26:50 localhost kernel: pci 0000:00:18.2: BAR 13: failed to assign [io  size 0x1000]
Oct 30 12:26:50 localhost kernel: pci 0000:00:18.3: BAR 13: no space for [io  size 0x1000]
Oct 30 12:26:50 localhost kernel: pci 0000:00:18.3: BAR 13: failed to assign [io  size 0x1000]
Oct 30 12:26:50 localhost kernel: pci 0000:00:18.4: BAR 13: no space for [io  size 0x1000]
Oct 30 12:26:50 localhost kernel: pci 0000:00:18.4: BAR 13: failed to assign [io  size 0x1000]
Oct 30 12:26:50 localhost kernel: pci 0000:00:18.5: BAR 13: no space for [io  size 0x1000]
Oct 30 12:26:50 localhost kernel: pci 0000:00:18.5: BAR 13: failed to assign [io  size 0x1000]
Oct 30 12:26:50 localhost kernel: pci 0000:00:18.6: BAR 13: no space for [io  size 0x1000]
Oct 30 12:26:50 localhost kernel: pci 0000:00:18.6: BAR 13: failed to assign [io  size 0x1000]
Oct 30 12:26:50 localhost kernel: pci 0000:00:18.7: BAR 13: no space for [io  size 0x1000]
Oct 30 12:26:50 localhost kernel: pci 0000:00:18.7: BAR 13: failed to assign [io  size 0x1000]
Oct 30 12:26:50 localhost kernel: pci 0000:00:18.7: BAR 13: no space for [io  size 0x1000]
Oct 30 12:26:50 localhost kernel: pci 0000:00:18.7: BAR 13: failed to assign [io  size 0x1000]
Oct 30 12:26:50 localhost kernel: pci 0000:00:18.6: BAR 13: no space for [io  size 0x1000]
Oct 30 12:26:50 localhost kernel: pci 0000:00:18.6: BAR 13: failed to assign [io  size 0x1000]
Oct 30 12:26:50 localhost kernel: pci 0000:00:18.5: BAR 13: no space for [io  size 0x1000]
Oct 30 12:26:50 localhost kernel: pci 0000:00:18.5: BAR 13: failed to assign [io  size 0x1000]
Oct 30 12:26:50 localhost kernel: pci 0000:00:18.4: BAR 13: no space for [io  size 0x1000]
Oct 30 12:26:50 localhost kernel: pci 0000:00:18.4: BAR 13: failed to assign [io  size 0x1000]
Oct 30 12:26:50 localhost kernel: pci 0000:00:18.3: BAR 13: no space for [io  size 0x1000]
Oct 30 12:26:50 localhost kernel: pci 0000:00:18.3: BAR 13: failed to assign [io  size 0x1000]
Oct 30 12:26:50 localhost kernel: pci 0000:00:18.2: BAR 13: no space for [io  size 0x1000]
Oct 30 12:26:50 localhost kernel: pci 0000:00:18.2: BAR 13: failed to assign [io  size 0x1000]
Oct 30 12:26:50 localhost kernel: pci 0000:00:17.7: BAR 13: no space for [io  size 0x1000]
Oct 30 12:26:50 localhost kernel: pci 0000:00:17.7: BAR 13: failed to assign [io  size 0x1000]
Oct 30 12:26:50 localhost kernel: pci 0000:00:17.6: BAR 13: no space for [io  size 0x1000]
Oct 30 12:26:50 localhost kernel: pci 0000:00:17.6: BAR 13: failed to assign [io  size 0x1000]
Oct 30 12:26:50 localhost kernel: pci 0000:00:17.5: BAR 13: no space for [io  size 0x1000]
Oct 30 12:26:50 localhost kernel: pci 0000:00:17.5: BAR 13: failed to assign [io  size 0x1000]
Oct 30 12:26:50 localhost kernel: pci 0000:00:17.4: BAR 13: no space for [io  size 0x1000]
Oct 30 12:26:50 localhost kernel: pci 0000:00:17.4: BAR 13: failed to assign [io  size 0x1000]
Oct 30 12:26:50 localhost kernel: pci 0000:00:17.3: BAR 13: no space for [io  size 0x1000]
Oct 30 12:26:50 localhost kernel: pci 0000:00:17.3: BAR 13: failed to assign [io  size 0x1000]
Oct 30 12:26:50 localhost kernel: pci 0000:00:16.7: BAR 13: no space for [io  size 0x1000]
Oct 30 12:26:50 localhost kernel: pci 0000:00:16.7: BAR 13: failed to assign [io  size 0x1000]
Oct 30 12:26:50 localhost kernel: pci 0000:00:16.6: BAR 13: no space for [io  size 0x1000]
Oct 30 12:26:50 localhost kernel: pci 0000:00:16.6: BAR 13: failed to assign [io  size 0x1000]
Oct 30 12:26:50 localhost kernel: pci 0000:00:16.5: BAR 13: no space for [io  size 0x1000]
Oct 30 12:26:50 localhost kernel: pci 0000:00:16.5: BAR 13: failed to assign [io  size 0x1000]
Oct 30 12:26:50 localhost kernel: pci 0000:00:16.4: BAR 13: no space for [io  size 0x1000]
Oct 30 12:26:50 localhost kernel: pci 0000:00:16.4: BAR 13: failed to assign [io  size 0x1000]
Oct 30 12:26:50 localhost kernel: pci 0000:00:16.3: BAR 13: no space for [io  size 0x1000]
Oct 30 12:26:50 localhost kernel: pci 0000:00:16.3: BAR 13: failed to assign [io  size 0x1000]
Oct 30 12:26:50 localhost kernel: pci 0000:00:15.7: BAR 13: no space for [io  size 0x1000]
Oct 30 12:26:50 localhost kernel: pci 0000:00:15.7: BAR 13: failed to assign [io  size 0x1000]
Oct 30 12:26:50 localhost kernel: pci 0000:00:15.6: BAR 13: no space for [io  size 0x1000]
Oct 30 12:26:50 localhost kernel: pci 0000:00:15.6: BAR 13: failed to assign [io  size 0x1000]
Oct 30 12:26:50 localhost kernel: pci 0000:00:15.5: BAR 13: no space for [io  size 0x1000]
Oct 30 12:26:50 localhost kernel: pci 0000:00:15.5: BAR 13: failed to assign [io  size 0x1000]
Oct 30 12:26:50 localhost kernel: pci 0000:00:15.4: BAR 13: no space for [io  size 0x1000]
Oct 30 12:26:50 localhost kernel: pci 0000:00:15.4: BAR 13: failed to assign [io  size 0x1000]
Oct 30 12:26:50 localhost kernel: pci 0000:00:15.3: BAR 13: no space for [io  size 0x1000]
Oct 30 12:26:50 localhost kernel: pci 0000:00:15.3: BAR 13: failed to assign [io  size 0x1000]
Oct 30 12:26:50 localhost kernel: pci 0000:00:01.0: PCI bridge to [bus 01]
Oct 30 12:26:50 localhost kernel: pci 0000:02:01.0: BAR 6: assigned [mem 0xfd500000-0xfd50ffff pref]
Oct 30 12:26:50 localhost kernel: pci 0000:00:11.0: PCI bridge to [bus 02]
Oct 30 12:26:50 localhost kernel: pci 0000:00:11.0:   bridge window [io  0x2000-0x3fff]
Oct 30 12:26:50 localhost kernel: pci 0000:00:11.0:   bridge window [mem 0xfd500000-0xfdffffff]
Oct 30 12:26:50 localhost kernel: pci 0000:00:11.0:   bridge window [mem 0xe7b00000-0xe7ffffff 64bit pref]
Oct 30 12:26:50 localhost kernel: pci 0000:00:15.0: PCI bridge to [bus 03]
Oct 30 12:26:50 localhost kernel: pci 0000:00:15.0:   bridge window [io  0x4000-0x4fff]
Oct 30 12:26:50 localhost kernel: pci 0000:00:15.0:   bridge window [mem 0xfd400000-0xfd4fffff]
Oct 30 12:26:50 localhost kernel: pci 0000:00:15.0:   bridge window [mem 0xe7a00000-0xe7afffff 64bit pref]
Oct 30 12:26:50 localhost kernel: pci 0000:00:15.1: PCI bridge to [bus 04]
Oct 30 12:26:50 localhost kernel: pci 0000:00:15.1:   bridge window [io  0x8000-0x8fff]
Oct 30 12:26:50 localhost kernel: pci 0000:00:15.1:   bridge window [mem 0xfd000000-0xfd0fffff]
Oct 30 12:26:50 localhost kernel: pci 0000:00:15.1:   bridge window [mem 0xe7600000-0xe76fffff 64bit pref]
Oct 30 12:26:50 localhost kernel: pci 0000:00:15.2: PCI bridge to [bus 05]
Oct 30 12:26:50 localhost kernel: pci 0000:00:15.2:   bridge window [io  0xc000-0xcfff]
Oct 30 12:26:50 localhost kernel: pci 0000:00:15.2:   bridge window [mem 0xfcc00000-0xfccfffff]
Oct 30 12:26:50 localhost kernel: pci 0000:00:15.2:   bridge window [mem 0xe7200000-0xe72fffff 64bit pref]
Oct 30 12:26:50 localhost kernel: pci 0000:00:15.3: PCI bridge to [bus 06]
Oct 30 12:26:50 localhost kernel: pci 0000:00:15.3:   bridge window [mem 0xfc800000-0xfc8fffff]
Oct 30 12:26:50 localhost kernel: pci 0000:00:15.3:   bridge window [mem 0xe6e00000-0xe6efffff 64bit pref]
Oct 30 12:26:50 localhost kernel: pci 0000:00:15.4: PCI bridge to [bus 07]
Oct 30 12:26:50 localhost kernel: pci 0000:00:15.4:   bridge window [mem 0xfc400000-0xfc4fffff]
Oct 30 12:26:50 localhost kernel: pci 0000:00:15.4:   bridge window [mem 0xe6a00000-0xe6afffff 64bit pref]
Oct 30 12:26:50 localhost kernel: pci 0000:00:15.5: PCI bridge to [bus 08]
Oct 30 12:26:50 localhost kernel: pci 0000:00:15.5:   bridge window [mem 0xfc000000-0xfc0fffff]
Oct 30 12:26:50 localhost kernel: pci 0000:00:15.5:   bridge window [mem 0xe6600000-0xe66fffff 64bit pref]
Oct 30 12:26:50 localhost kernel: pci 0000:00:15.6: PCI bridge to [bus 09]
Oct 30 12:26:50 localhost kernel: pci 0000:00:15.6:   bridge window [mem 0xfbc00000-0xfbcfffff]
Oct 30 12:26:50 localhost kernel: pci 0000:00:15.6:   bridge window [mem 0xe6200000-0xe62fffff 64bit pref]
Oct 30 12:26:50 localhost kernel: pci 0000:00:15.7: PCI bridge to [bus 0a]
Oct 30 12:26:50 localhost kernel: pci 0000:00:15.7:   bridge window [mem 0xfb800000-0xfb8fffff]
Oct 30 12:26:50 localhost kernel: pci 0000:00:15.7:   bridge window [mem 0xe5e00000-0xe5efffff 64bit pref]
Oct 30 12:26:50 localhost kernel: pci 0000:00:16.0: PCI bridge to [bus 0b]
Oct 30 12:26:50 localhost kernel: pci 0000:00:16.0:   bridge window [io  0x5000-0x5fff]
Oct 30 12:26:50 localhost kernel: pci 0000:00:16.0:   bridge window [mem 0xfd300000-0xfd3fffff]
Oct 30 12:26:50 localhost kernel: pci 0000:00:16.0:   bridge window [mem 0xe7900000-0xe79fffff 64bit pref]
Oct 30 12:26:50 localhost kernel: pci 0000:00:16.1: PCI bridge to [bus 0c]
Oct 30 12:26:50 localhost kernel: pci 0000:00:16.1:   bridge window [io  0x9000-0x9fff]
Oct 30 12:26:50 localhost kernel: pci 0000:00:16.1:   bridge window [mem 0xfcf00000-0xfcffffff]
Oct 30 12:26:50 localhost kernel: pci 0000:00:16.1:   bridge window [mem 0xe7500000-0xe75fffff 64bit pref]
Oct 30 12:26:50 localhost kernel: pci 0000:00:16.2: PCI bridge to [bus 0d]
Oct 30 12:26:50 localhost kernel: pci 0000:00:16.2:   bridge window [io  0xd000-0xdfff]
Oct 30 12:26:50 localhost kernel: pci 0000:00:16.2:   bridge window [mem 0xfcb00000-0xfcbfffff]
Oct 30 12:26:50 localhost kernel: pci 0000:00:16.2:   bridge window [mem 0xe7100000-0xe71fffff 64bit pref]
Oct 30 12:26:50 localhost kernel: pci 0000:00:16.3: PCI bridge to [bus 0e]
Oct 30 12:26:50 localhost kernel: pci 0000:00:16.3:   bridge window [mem 0xfc700000-0xfc7fffff]
Oct 30 12:26:50 localhost kernel: pci 0000:00:16.3:   bridge window [mem 0xe6d00000-0xe6dfffff 64bit pref]
Oct 30 12:26:50 localhost kernel: pci 0000:00:16.4: PCI bridge to [bus 0f]
Oct 30 12:26:50 localhost kernel: pci 0000:00:16.4:   bridge window [mem 0xfc300000-0xfc3fffff]
Oct 30 12:26:50 localhost kernel: pci 0000:00:16.4:   bridge window [mem 0xe6900000-0xe69fffff 64bit pref]
Oct 30 12:26:50 localhost kernel: pci 0000:00:16.5: PCI bridge to [bus 10]
Oct 30 12:26:50 localhost kernel: pci 0000:00:16.5:   bridge window [mem 0xfbf00000-0xfbffffff]
Oct 30 12:26:50 localhost kernel: pci 0000:00:16.5:   bridge window [mem 0xe6500000-0xe65fffff 64bit pref]
Oct 30 12:26:50 localhost kernel: pci 0000:00:16.6: PCI bridge to [bus 11]
Oct 30 12:26:50 localhost kernel: pci 0000:00:16.6:   bridge window [mem 0xfbb00000-0xfbbfffff]
Oct 30 12:26:50 localhost kernel: pci 0000:00:16.6:   bridge window [mem 0xe6100000-0xe61fffff 64bit pref]
Oct 30 12:26:50 localhost kernel: pci 0000:00:16.7: PCI bridge to [bus 12]
Oct 30 12:26:50 localhost kernel: pci 0000:00:16.7:   bridge window [mem 0xfb700000-0xfb7fffff]
Oct 30 12:26:50 localhost kernel: pci 0000:00:16.7:   bridge window [mem 0xe5d00000-0xe5dfffff 64bit pref]
Oct 30 12:26:50 localhost kernel: pci 0000:00:17.0: PCI bridge to [bus 13]
Oct 30 12:26:50 localhost kernel: pci 0000:00:17.0:   bridge window [io  0x6000-0x6fff]
Oct 30 12:26:50 localhost kernel: pci 0000:00:17.0:   bridge window [mem 0xfd200000-0xfd2fffff]
Oct 30 12:26:50 localhost kernel: pci 0000:00:17.0:   bridge window [mem 0xe7800000-0xe78fffff 64bit pref]
Oct 30 12:26:50 localhost kernel: pci 0000:00:17.1: PCI bridge to [bus 14]
Oct 30 12:26:50 localhost kernel: pci 0000:00:17.1:   bridge window [io  0xa000-0xafff]
Oct 30 12:26:50 localhost kernel: pci 0000:00:17.1:   bridge window [mem 0xfce00000-0xfcefffff]
Oct 30 12:26:50 localhost kernel: pci 0000:00:17.1:   bridge window [mem 0xe7400000-0xe74fffff 64bit pref]
Oct 30 12:26:50 localhost kernel: pci 0000:00:17.2: PCI bridge to [bus 15]
Oct 30 12:26:50 localhost kernel: pci 0000:00:17.2:   bridge window [io  0xe000-0xefff]
Oct 30 12:26:50 localhost kernel: pci 0000:00:17.2:   bridge window [mem 0xfca00000-0xfcafffff]
Oct 30 12:26:50 localhost kernel: pci 0000:00:17.2:   bridge window [mem 0xe7000000-0xe70fffff 64bit pref]
Oct 30 12:26:50 localhost kernel: pci 0000:00:17.3: PCI bridge to [bus 16]
Oct 30 12:26:50 localhost kernel: pci 0000:00:17.3:   bridge window [mem 0xfc600000-0xfc6fffff]
Oct 30 12:26:50 localhost kernel: pci 0000:00:17.3:   bridge window [mem 0xe6c00000-0xe6cfffff 64bit pref]
Oct 30 12:26:50 localhost kernel: pci 0000:00:17.4: PCI bridge to [bus 17]
Oct 30 12:26:50 localhost kernel: pci 0000:00:17.4:   bridge window [mem 0xfc200000-0xfc2fffff]
Oct 30 12:26:50 localhost kernel: pci 0000:00:17.4:   bridge window [mem 0xe6800000-0xe68fffff 64bit pref]
Oct 30 12:26:50 localhost kernel: pci 0000:00:17.5: PCI bridge to [bus 18]
Oct 30 12:26:50 localhost kernel: pci 0000:00:17.5:   bridge window [mem 0xfbe00000-0xfbefffff]
Oct 30 12:26:50 localhost kernel: pci 0000:00:17.5:   bridge window [mem 0xe6400000-0xe64fffff 64bit pref]
Oct 30 12:26:50 localhost kernel: pci 0000:00:17.6: PCI bridge to [bus 19]
Oct 30 12:26:50 localhost kernel: pci 0000:00:17.6:   bridge window [mem 0xfba00000-0xfbafffff]
Oct 30 12:26:50 localhost kernel: pci 0000:00:17.6:   bridge window [mem 0xe6000000-0xe60fffff 64bit pref]
Oct 30 12:26:50 localhost kernel: pci 0000:00:17.7: PCI bridge to [bus 1a]
Oct 30 12:26:50 localhost kernel: pci 0000:00:17.7:   bridge window [mem 0xfb600000-0xfb6fffff]
Oct 30 12:26:50 localhost kernel: pci 0000:00:17.7:   bridge window [mem 0xe5c00000-0xe5cfffff 64bit pref]
Oct 30 12:26:50 localhost kernel: pci 0000:00:18.0: PCI bridge to [bus 1b]
Oct 30 12:26:50 localhost kernel: pci 0000:00:18.0:   bridge window [io  0x7000-0x7fff]
Oct 30 12:26:50 localhost kernel: pci 0000:00:18.0:   bridge window [mem 0xfd100000-0xfd1fffff]
Oct 30 12:26:50 localhost kernel: pci 0000:00:18.0:   bridge window [mem 0xe7700000-0xe77fffff 64bit pref]
Oct 30 12:26:50 localhost kernel: pci 0000:00:18.1: PCI bridge to [bus 1c]
Oct 30 12:26:50 localhost kernel: pci 0000:00:18.1:   bridge window [io  0xb000-0xbfff]
Oct 30 12:26:50 localhost kernel: pci 0000:00:18.1:   bridge window [mem 0xfcd00000-0xfcdfffff]
Oct 30 12:26:50 localhost kernel: pci 0000:00:18.1:   bridge window [mem 0xe7300000-0xe73fffff 64bit pref]
Oct 30 12:26:50 localhost kernel: pci 0000:00:18.2: PCI bridge to [bus 1d]
Oct 30 12:26:50 localhost kernel: pci 0000:00:18.2:   bridge window [mem 0xfc900000-0xfc9fffff]
Oct 30 12:26:50 localhost kernel: pci 0000:00:18.2:   bridge window [mem 0xe6f00000-0xe6ffffff 64bit pref]
Oct 30 12:26:50 localhost kernel: pci 0000:00:18.3: PCI bridge to [bus 1e]
Oct 30 12:26:50 localhost kernel: pci 0000:00:18.3:   bridge window [mem 0xfc500000-0xfc5fffff]
Oct 30 12:26:50 localhost kernel: pci 0000:00:18.3:   bridge window [mem 0xe6b00000-0xe6bfffff 64bit pref]
Oct 30 12:26:50 localhost kernel: pci 0000:00:18.4: PCI bridge to [bus 1f]
Oct 30 12:26:50 localhost kernel: pci 0000:00:18.4:   bridge window [mem 0xfc100000-0xfc1fffff]
Oct 30 12:26:50 localhost kernel: pci 0000:00:18.4:   bridge window [mem 0xe6700000-0xe67fffff 64bit pref]
Oct 30 12:26:50 localhost kernel: pci 0000:00:18.5: PCI bridge to [bus 20]
Oct 30 12:26:50 localhost kernel: pci 0000:00:18.5:   bridge window [mem 0xfbd00000-0xfbdfffff]
Oct 30 12:26:50 localhost kernel: pci 0000:00:18.5:   bridge window [mem 0xe6300000-0xe63fffff 64bit pref]
Oct 30 12:26:50 localhost kernel: pci 0000:00:18.6: PCI bridge to [bus 21]
Oct 30 12:26:50 localhost kernel: pci 0000:00:18.6:   bridge window [mem 0xfb900000-0xfb9fffff]
Oct 30 12:26:50 localhost kernel: pci 0000:00:18.6:   bridge window [mem 0xe5f00000-0xe5ffffff 64bit pref]
Oct 30 12:26:50 localhost kernel: pci 0000:00:18.7: PCI bridge to [bus 22]
Oct 30 12:26:50 localhost kernel: pci 0000:00:18.7:   bridge window [mem 0xfb500000-0xfb5fffff]
Oct 30 12:26:50 localhost kernel: pci 0000:00:18.7:   bridge window [mem 0xe5b00000-0xe5bfffff 64bit pref]
Oct 30 12:26:50 localhost kernel: NET: Registered protocol family 2
Oct 30 12:26:50 localhost kernel: TCP established hash table entries: 16384 (order: 5, 131072 bytes)
Oct 30 12:26:50 localhost kernel: TCP bind hash table entries: 16384 (order: 6, 262144 bytes)
Oct 30 12:26:50 localhost kernel: TCP: Hash tables configured (established 16384 bind 16384)
Oct 30 12:26:50 localhost kernel: TCP: reno registered
Oct 30 12:26:50 localhost kernel: UDP hash table entries: 1024 (order: 3, 32768 bytes)
Oct 30 12:26:50 localhost kernel: UDP-Lite hash table entries: 1024 (order: 3, 32768 bytes)
Oct 30 12:26:50 localhost kernel: NET: Registered protocol family 1
Oct 30 12:26:50 localhost kernel: pci 0000:00:00.0: Limiting direct PCI/PCI transfers
Oct 30 12:26:50 localhost kernel: Unpacking initramfs...
Oct 30 12:26:50 localhost kernel: Freeing initrd memory: 17396k freed
Oct 30 12:26:50 localhost kernel: Simple Boot Flag at 0x36 set to 0x80
Oct 30 12:26:50 localhost kernel: Switching to clocksource tsc
Oct 30 12:26:50 localhost kernel: microcode: CPU0 sig=0x806e9, pf=0x1, revision=0x62
Oct 30 12:26:50 localhost kernel: microcode: CPU1 sig=0x806e9, pf=0x1, revision=0x62
Oct 30 12:26:50 localhost kernel: microcode: CPU2 sig=0x806e9, pf=0x1, revision=0x62
Oct 30 12:26:50 localhost kernel: microcode: CPU3 sig=0x806e9, pf=0x1, revision=0x62
Oct 30 12:26:50 localhost kernel: microcode: Microcode Update Driver: v2.00 <tigran@aivazian.fsnet.co.uk>, Peter Oruba
Oct 30 12:26:50 localhost kernel: sha1_ssse3: Using AVX optimized SHA-1 implementation
Oct 30 12:26:50 localhost kernel: sha256_ssse3: Using AVX optimized SHA-256 implementation
Oct 30 12:26:50 localhost kernel: futex hash table entries: 16384 (order: 8, 1048576 bytes)
Oct 30 12:26:50 localhost kernel: Initialise system trusted keyring
Oct 30 12:26:50 localhost kernel: audit: initializing netlink socket (disabled)
Oct 30 12:26:50 localhost kernel: type=2000 audit(1509346609.153:1): initialized
Oct 30 12:26:50 localhost kernel: HugeTLB registered 1 GB page size, pre-allocated 0 pages
Oct 30 12:26:50 localhost kernel: HugeTLB registered 2 MB page size, pre-allocated 0 pages
Oct 30 12:26:50 localhost kernel: zpool: loaded
Oct 30 12:26:50 localhost kernel: zbud: loaded
Oct 30 12:26:50 localhost kernel: VFS: Disk quotas dquot_6.5.2
Oct 30 12:26:50 localhost kernel: Dquot-cache hash table entries: 512 (order 0, 4096 bytes)
Oct 30 12:26:50 localhost kernel: msgmni has been set to 3662
Oct 30 12:26:50 localhost kernel: Key type big_key registered
Oct 30 12:26:50 localhost kernel: NET: Registered protocol family 38
Oct 30 12:26:50 localhost kernel: Key type asymmetric registered
Oct 30 12:26:50 localhost kernel: Asymmetric key parser 'x509' registered
Oct 30 12:26:50 localhost kernel: Block layer SCSI generic (bsg) driver version 0.4 loaded (major 251)
Oct 30 12:26:50 localhost kernel: io scheduler noop registered
Oct 30 12:26:50 localhost kernel: io scheduler deadline registered (default)
Oct 30 12:26:50 localhost kernel: io scheduler cfq registered
Oct 30 12:26:50 localhost kernel: pcieport 0000:00:15.0: Signaling PME through PCIe PME interrupt
Oct 30 12:26:50 localhost kernel: pcieport 0000:00:15.1: Signaling PME through PCIe PME interrupt
Oct 30 12:26:50 localhost kernel: pcieport 0000:00:15.2: Signaling PME through PCIe PME interrupt
Oct 30 12:26:50 localhost kernel: pcieport 0000:00:15.3: Signaling PME through PCIe PME interrupt
Oct 30 12:26:50 localhost kernel: pcieport 0000:00:15.4: Signaling PME through PCIe PME interrupt
Oct 30 12:26:50 localhost kernel: pcieport 0000:00:15.5: Signaling PME through PCIe PME interrupt
Oct 30 12:26:50 localhost kernel: pcieport 0000:00:15.6: Signaling PME through PCIe PME interrupt
Oct 30 12:26:50 localhost kernel: pcieport 0000:00:15.7: Signaling PME through PCIe PME interrupt
Oct 30 12:26:50 localhost kernel: pcieport 0000:00:16.0: Signaling PME through PCIe PME interrupt
Oct 30 12:26:50 localhost kernel: pcieport 0000:00:16.1: Signaling PME through PCIe PME interrupt
Oct 30 12:26:50 localhost kernel: pcieport 0000:00:16.2: Signaling PME through PCIe PME interrupt
Oct 30 12:26:50 localhost kernel: pcieport 0000:00:16.3: Signaling PME through PCIe PME interrupt
Oct 30 12:26:50 localhost kernel: pcieport 0000:00:16.4: Signaling PME through PCIe PME interrupt
Oct 30 12:26:50 localhost kernel: pcieport 0000:00:16.5: Signaling PME through PCIe PME interrupt
Oct 30 12:26:50 localhost kernel: pcieport 0000:00:16.6: Signaling PME through PCIe PME interrupt
Oct 30 12:26:50 localhost kernel: pcieport 0000:00:16.7: Signaling PME through PCIe PME interrupt
Oct 30 12:26:50 localhost kernel: pcieport 0000:00:17.0: Signaling PME through PCIe PME interrupt
Oct 30 12:26:50 localhost kernel: pcieport 0000:00:17.1: Signaling PME through PCIe PME interrupt
Oct 30 12:26:50 localhost kernel: pcieport 0000:00:17.2: Signaling PME through PCIe PME interrupt
Oct 30 12:26:50 localhost kernel: pcieport 0000:00:17.3: Signaling PME through PCIe PME interrupt
Oct 30 12:26:50 localhost kernel: pcieport 0000:00:17.4: Signaling PME through PCIe PME interrupt
Oct 30 12:26:50 localhost kernel: pcieport 0000:00:17.5: Signaling PME through PCIe PME interrupt
Oct 30 12:26:50 localhost kernel: pcieport 0000:00:17.6: Signaling PME through PCIe PME interrupt
Oct 30 12:26:50 localhost kernel: pcieport 0000:00:17.7: Signaling PME through PCIe PME interrupt
Oct 30 12:26:50 localhost kernel: pcieport 0000:00:18.0: Signaling PME through PCIe PME interrupt
Oct 30 12:26:50 localhost kernel: pcieport 0000:00:18.1: Signaling PME through PCIe PME interrupt
Oct 30 12:26:50 localhost kernel: pcieport 0000:00:18.2: Signaling PME through PCIe PME interrupt
Oct 30 12:26:50 localhost kernel: pcieport 0000:00:18.3: Signaling PME through PCIe PME interrupt
Oct 30 12:26:50 localhost kernel: pcieport 0000:00:18.4: Signaling PME through PCIe PME interrupt
Oct 30 12:26:50 localhost kernel: pcieport 0000:00:18.5: Signaling PME through PCIe PME interrupt
Oct 30 12:26:50 localhost kernel: pcieport 0000:00:18.6: Signaling PME through PCIe PME interrupt
Oct 30 12:26:50 localhost kernel: pcieport 0000:00:18.7: Signaling PME through PCIe PME interrupt
Oct 30 12:26:50 localhost kernel: pci_hotplug: PCI Hot Plug PCI Core version: 0.5
Oct 30 12:26:50 localhost kernel: pciehp 0000:00:15.0:pcie04: Slot #160 AttnBtn+ AttnInd- PwrInd- PwrCtrl+ MRL- Interlock- NoCompl+ LLActRep+
Oct 30 12:26:50 localhost kernel: pciehp 0000:00:15.1:pcie04: Slot #161 AttnBtn+ AttnInd- PwrInd- PwrCtrl+ MRL- Interlock- NoCompl+ LLActRep+
Oct 30 12:26:50 localhost kernel: pciehp 0000:00:15.2:pcie04: Slot #162 AttnBtn+ AttnInd- PwrInd- PwrCtrl+ MRL- Interlock- NoCompl+ LLActRep+
Oct 30 12:26:50 localhost kernel: pciehp 0000:00:15.3:pcie04: Slot #163 AttnBtn+ AttnInd- PwrInd- PwrCtrl+ MRL- Interlock- NoCompl+ LLActRep+
Oct 30 12:26:50 localhost kernel: pciehp 0000:00:15.4:pcie04: Slot #164 AttnBtn+ AttnInd- PwrInd- PwrCtrl+ MRL- Interlock- NoCompl+ LLActRep+
Oct 30 12:26:50 localhost kernel: pciehp 0000:00:15.5:pcie04: Slot #165 AttnBtn+ AttnInd- PwrInd- PwrCtrl+ MRL- Interlock- NoCompl+ LLActRep+
Oct 30 12:26:50 localhost kernel: pciehp 0000:00:15.6:pcie04: Slot #166 AttnBtn+ AttnInd- PwrInd- PwrCtrl+ MRL- Interlock- NoCompl+ LLActRep+
Oct 30 12:26:50 localhost kernel: pciehp 0000:00:15.7:pcie04: Slot #167 AttnBtn+ AttnInd- PwrInd- PwrCtrl+ MRL- Interlock- NoCompl+ LLActRep+
Oct 30 12:26:50 localhost kernel: pciehp 0000:00:16.0:pcie04: Slot #192 AttnBtn+ AttnInd- PwrInd- PwrCtrl+ MRL- Interlock- NoCompl+ LLActRep+
Oct 30 12:26:50 localhost kernel: pciehp 0000:00:16.1:pcie04: Slot #193 AttnBtn+ AttnInd- PwrInd- PwrCtrl+ MRL- Interlock- NoCompl+ LLActRep+
Oct 30 12:26:50 localhost kernel: pciehp 0000:00:16.2:pcie04: Slot #194 AttnBtn+ AttnInd- PwrInd- PwrCtrl+ MRL- Interlock- NoCompl+ LLActRep+
Oct 30 12:26:50 localhost kernel: pciehp 0000:00:16.3:pcie04: Slot #195 AttnBtn+ AttnInd- PwrInd- PwrCtrl+ MRL- Interlock- NoCompl+ LLActRep+
Oct 30 12:26:50 localhost kernel: pciehp 0000:00:16.4:pcie04: Slot #196 AttnBtn+ AttnInd- PwrInd- PwrCtrl+ MRL- Interlock- NoCompl+ LLActRep+
Oct 30 12:26:50 localhost kernel: pciehp 0000:00:16.5:pcie04: Slot #197 AttnBtn+ AttnInd- PwrInd- PwrCtrl+ MRL- Interlock- NoCompl+ LLActRep+
Oct 30 12:26:50 localhost kernel: pciehp 0000:00:16.6:pcie04: Slot #198 AttnBtn+ AttnInd- PwrInd- PwrCtrl+ MRL- Interlock- NoCompl+ LLActRep+
Oct 30 12:26:50 localhost kernel: pciehp 0000:00:16.7:pcie04: Slot #199 AttnBtn+ AttnInd- PwrInd- PwrCtrl+ MRL- Interlock- NoCompl+ LLActRep+
Oct 30 12:26:50 localhost kernel: pciehp 0000:00:17.0:pcie04: Slot #224 AttnBtn+ AttnInd- PwrInd- PwrCtrl+ MRL- Interlock- NoCompl+ LLActRep+
Oct 30 12:26:50 localhost kernel: pciehp 0000:00:17.1:pcie04: Slot #225 AttnBtn+ AttnInd- PwrInd- PwrCtrl+ MRL- Interlock- NoCompl+ LLActRep+
Oct 30 12:26:50 localhost kernel: pciehp 0000:00:17.2:pcie04: Slot #226 AttnBtn+ AttnInd- PwrInd- PwrCtrl+ MRL- Interlock- NoCompl+ LLActRep+
Oct 30 12:26:50 localhost kernel: pciehp 0000:00:17.3:pcie04: Slot #227 AttnBtn+ AttnInd- PwrInd- PwrCtrl+ MRL- Interlock- NoCompl+ LLActRep+
Oct 30 12:26:50 localhost kernel: pciehp 0000:00:17.4:pcie04: Slot #228 AttnBtn+ AttnInd- PwrInd- PwrCtrl+ MRL- Interlock- NoCompl+ LLActRep+
Oct 30 12:26:50 localhost kernel: pciehp 0000:00:17.5:pcie04: Slot #229 AttnBtn+ AttnInd- PwrInd- PwrCtrl+ MRL- Interlock- NoCompl+ LLActRep+
Oct 30 12:26:50 localhost kernel: pciehp 0000:00:17.6:pcie04: Slot #230 AttnBtn+ AttnInd- PwrInd- PwrCtrl+ MRL- Interlock- NoCompl+ LLActRep+
Oct 30 12:26:50 localhost kernel: pciehp 0000:00:17.7:pcie04: Slot #231 AttnBtn+ AttnInd- PwrInd- PwrCtrl+ MRL- Interlock- NoCompl+ LLActRep+
Oct 30 12:26:50 localhost kernel: pciehp 0000:00:18.0:pcie04: Slot #256 AttnBtn+ AttnInd- PwrInd- PwrCtrl+ MRL- Interlock- NoCompl+ LLActRep+
Oct 30 12:26:50 localhost kernel: pciehp 0000:00:18.1:pcie04: Slot #257 AttnBtn+ AttnInd- PwrInd- PwrCtrl+ MRL- Interlock- NoCompl+ LLActRep+
Oct 30 12:26:50 localhost kernel: pciehp 0000:00:18.2:pcie04: Slot #258 AttnBtn+ AttnInd- PwrInd- PwrCtrl+ MRL- Interlock- NoCompl+ LLActRep+
Oct 30 12:26:50 localhost kernel: pciehp 0000:00:18.3:pcie04: Slot #259 AttnBtn+ AttnInd- PwrInd- PwrCtrl+ MRL- Interlock- NoCompl+ LLActRep+
Oct 30 12:26:50 localhost kernel: pciehp 0000:00:18.4:pcie04: Slot #260 AttnBtn+ AttnInd- PwrInd- PwrCtrl+ MRL- Interlock- NoCompl+ LLActRep+
Oct 30 12:26:50 localhost kernel: pciehp 0000:00:18.5:pcie04: Slot #261 AttnBtn+ AttnInd- PwrInd- PwrCtrl+ MRL- Interlock- NoCompl+ LLActRep+
Oct 30 12:26:50 localhost kernel: pciehp 0000:00:18.6:pcie04: Slot #262 AttnBtn+ AttnInd- PwrInd- PwrCtrl+ MRL- Interlock- NoCompl+ LLActRep+
Oct 30 12:26:50 localhost kernel: pciehp 0000:00:18.7:pcie04: Slot #263 AttnBtn+ AttnInd- PwrInd- PwrCtrl+ MRL- Interlock- NoCompl+ LLActRep+
Oct 30 12:26:50 localhost kernel: pciehp: PCI Express Hot Plug Controller Driver version: 0.4
Oct 30 12:26:50 localhost kernel: ACPI: AC Adapter [ACAD] (on-line)
Oct 30 12:26:50 localhost kernel: input: Power Button as /devices/LNXSYSTM:00/LNXPWRBN:00/input/input0
Oct 30 12:26:50 localhost kernel: ACPI: Power Button [PWRF]
Oct 30 12:26:50 localhost kernel: GHES: HEST is not enabled!
Oct 30 12:26:50 localhost kernel: Serial: 8250/16550 driver, 4 ports, IRQ sharing enabled
Oct 30 12:26:50 localhost kernel: 00:09: ttyS0 at I/O 0x3f8 (irq = 4) is a 16550A
Oct 30 12:26:50 localhost kernel: 00:0a: ttyS1 at I/O 0x2f8 (irq = 3) is a 16550A
Oct 30 12:26:50 localhost kernel: Non-volatile memory driver v1.3
Oct 30 12:26:50 localhost kernel: Linux agpgart interface v0.103
Oct 30 12:26:50 localhost kernel: agpgart-intel 0000:00:00.0: Intel 440BX Chipset
Oct 30 12:26:50 localhost kernel: agpgart-intel 0000:00:00.0: AGP aperture is 256M @ 0x0
Oct 30 12:26:50 localhost kernel: crash memory driver: version 1.1
Oct 30 12:26:50 localhost kernel: rdac: device handler registered
Oct 30 12:26:50 localhost kernel: hp_sw: device handler registered
Oct 30 12:26:50 localhost kernel: emc: device handler registered
Oct 30 12:26:50 localhost kernel: alua: device handler registered
Oct 30 12:26:50 localhost kernel: libphy: Fixed MDIO Bus: probed
Oct 30 12:26:50 localhost kernel: ehci_hcd: USB 2.0 'Enhanced' Host Controller (EHCI) Driver
Oct 30 12:26:50 localhost kernel: ehci-pci: EHCI PCI platform driver
Oct 30 12:26:50 localhost kernel: ehci-pci 0000:02:03.0: EHCI Host Controller
Oct 30 12:26:50 localhost kernel: ehci-pci 0000:02:03.0: new USB bus registered, assigned bus number 1
Oct 30 12:26:50 localhost kernel: ehci-pci 0000:02:03.0: irq 17, io mem 0xfd5ef000
Oct 30 12:26:50 localhost kernel: ehci-pci 0000:02:03.0: USB 2.0 started, EHCI 1.00
Oct 30 12:26:50 localhost kernel: usb usb1: New USB device found, idVendor=1d6b, idProduct=0002
Oct 30 12:26:50 localhost kernel: usb usb1: New USB device strings: Mfr=3, Product=2, SerialNumber=1
Oct 30 12:26:50 localhost kernel: usb usb1: Product: EHCI Host Controller
Oct 30 12:26:50 localhost kernel: usb usb1: Manufacturer: Linux 3.10.0-327.18.2.el7.x86_64 ehci_hcd
Oct 30 12:26:50 localhost kernel: usb usb1: SerialNumber: 0000:02:03.0
Oct 30 12:26:50 localhost kernel: hub 1-0:1.0: USB hub found
Oct 30 12:26:50 localhost kernel: hub 1-0:1.0: 6 ports detected
Oct 30 12:26:50 localhost kernel: ohci_hcd: USB 1.1 'Open' Host Controller (OHCI) Driver
Oct 30 12:26:50 localhost kernel: ohci-pci: OHCI PCI platform driver
Oct 30 12:26:50 localhost kernel: uhci_hcd: USB Universal Host Controller Interface driver
Oct 30 12:26:50 localhost kernel: uhci_hcd 0000:02:00.0: UHCI Host Controller
Oct 30 12:26:50 localhost kernel: uhci_hcd 0000:02:00.0: new USB bus registered, assigned bus number 2
Oct 30 12:26:50 localhost kernel: uhci_hcd 0000:02:00.0: detected 2 ports
Oct 30 12:26:50 localhost kernel: uhci_hcd 0000:02:00.0: irq 18, io base 0x00002080
Oct 30 12:26:50 localhost kernel: usb usb2: New USB device found, idVendor=1d6b, idProduct=0001
Oct 30 12:26:50 localhost kernel: usb usb2: New USB device strings: Mfr=3, Product=2, SerialNumber=1
Oct 30 12:26:50 localhost kernel: usb usb2: Product: UHCI Host Controller
Oct 30 12:26:50 localhost kernel: usb usb2: Manufacturer: Linux 3.10.0-327.18.2.el7.x86_64 uhci_hcd
Oct 30 12:26:50 localhost kernel: usb usb2: SerialNumber: 0000:02:00.0
Oct 30 12:26:50 localhost kernel: hub 2-0:1.0: USB hub found
Oct 30 12:26:50 localhost kernel: hub 2-0:1.0: 2 ports detected
Oct 30 12:26:50 localhost kernel: usbcore: registered new interface driver usbserial
Oct 30 12:26:50 localhost kernel: usbcore: registered new interface driver usbserial_generic
Oct 30 12:26:50 localhost kernel: usbserial: USB Serial support registered for generic
Oct 30 12:26:50 localhost kernel: i8042: PNP: PS/2 Controller [PNP0303:KBC,PNP0f13:MOUS] at 0x60,0x64 irq 1,12
Oct 30 12:26:50 localhost kernel: serio: i8042 KBD port at 0x60,0x64 irq 1
Oct 30 12:26:50 localhost kernel: serio: i8042 AUX port at 0x60,0x64 irq 12
Oct 30 12:26:50 localhost kernel: mousedev: PS/2 mouse device common for all mice
Oct 30 12:26:50 localhost kernel: rtc_cmos 00:03: rtc core: registered rtc_cmos as rtc0
Oct 30 12:26:50 localhost kernel: rtc_cmos 00:03: alarms up to one month, y3k, 114 bytes nvram, hpet irqs
Oct 30 12:26:50 localhost kernel: cpuidle: using governor menu
Oct 30 12:26:50 localhost kernel: hidraw: raw HID events driver (C) Jiri Kosina
Oct 30 12:26:50 localhost kernel: usbcore: registered new interface driver usbhid
Oct 30 12:26:50 localhost kernel: usbhid: USB HID core driver
Oct 30 12:26:50 localhost kernel: drop_monitor: Initializing network drop monitor service
Oct 30 12:26:50 localhost kernel: TCP: cubic registered
Oct 30 12:26:50 localhost kernel: Initializing XFRM netlink socket
Oct 30 12:26:50 localhost kernel: NET: Registered protocol family 10
Oct 30 12:26:50 localhost kernel: NET: Registered protocol family 17
Oct 30 12:26:50 localhost kernel: Loading compiled-in X.509 certificates
Oct 30 12:26:50 localhost kernel: Loaded X.509 cert 'CentOS Linux kpatch signing key: ea0413152cde1d98ebdca3fe6f0230904c9ef717'
Oct 30 12:26:50 localhost kernel: Loaded X.509 cert 'CentOS Linux Driver update signing key: 7f421ee0ab69461574bb358861dbe77762a4201b'
Oct 30 12:26:50 localhost kernel: input: AT Translated Set 2 keyboard as /devices/platform/i8042/serio0/input/input1
Oct 30 12:26:50 localhost kernel: Loaded X.509 cert 'CentOS Linux kernel signing key: eb2791de1abea5f95aa5bcb891e1332bed298e5e'
Oct 30 12:26:50 localhost kernel: registered taskstats version 1
Oct 30 12:26:50 localhost kernel: Key type trusted registered
Oct 30 12:26:50 localhost kernel: Key type encrypted registered
Oct 30 12:26:50 localhost kernel: IMA: No TPM chip found, activating TPM-bypass!
Oct 30 12:26:50 localhost kernel: rtc_cmos 00:03: setting system clock to 2017-10-30 06:56:50 UTC (1509346610)
Oct 30 12:26:50 localhost kernel: Freeing unused kernel memory: 1620k freed
Oct 30 12:26:50 localhost systemd[1]: systemd 219 running in system mode. (+PAM +AUDIT +SELINUX +IMA -APPARMOR +SMACK +SYSVINIT +UTMP +LIBCRYPTSETUP +GCRYPT +GNUTLS +ACL +XZ -LZ4 -SECCOMP +BLKID +ELFUTILS +KMOD +IDN)
Oct 30 12:26:50 localhost systemd[1]: Detected virtualization vmware.
Oct 30 12:26:50 localhost systemd[1]: Detected architecture x86-64.
Oct 30 12:26:50 localhost systemd[1]: Running in initial RAM disk.
Oct 30 12:26:50 localhost systemd[1]: Set hostname to <localhost.localdomain>.
Oct 30 12:26:50 localhost systemd[1]: Created slice -.slice.
Oct 30 12:26:50 localhost systemd[1]: Starting -.slice.
Oct 30 12:26:50 localhost systemd[1]: Created slice System Slice.
Oct 30 12:26:50 localhost systemd[1]: Starting System Slice.
Oct 30 12:26:50 localhost systemd[1]: Reached target Local File Systems.
Oct 30 12:26:50 localhost systemd[1]: Starting Local File Systems.
Oct 30 12:26:50 localhost systemd[1]: Reached target Swap.
Oct 30 12:26:50 localhost systemd[1]: Starting Swap.
Oct 30 12:26:50 localhost systemd[1]: Listening on Journal Socket.
Oct 30 12:26:50 localhost systemd[1]: Starting Journal Socket.
Oct 30 12:26:50 localhost systemd[1]: Starting Create list of required static device nodes for the current kernel...
Oct 30 12:26:50 localhost systemd[1]: Started Load Kernel Modules.
Oct 30 12:26:50 localhost systemd[1]: Starting Apply Kernel Variables...
Oct 30 12:26:50 localhost systemd[1]: Reached target Slices.
Oct 30 12:26:50 localhost systemd[1]: Starting Slices.
Oct 30 12:26:50 localhost systemd[1]: Started dracut ask for additional cmdline parameters.
Oct 30 12:26:50 localhost systemd[1]: Starting dracut cmdline hook...
Oct 30 12:26:50 localhost systemd[1]: Listening on udev Control Socket.
Oct 30 12:26:50 localhost systemd[1]: Starting udev Control Socket.
Oct 30 12:26:50 localhost systemd[1]: Reached target Timers.
Oct 30 12:26:50 localhost systemd[1]: Starting Timers.
Oct 30 12:26:50 localhost systemd[1]: Starting Setup Virtual Console...
Oct 30 12:26:50 localhost systemd[1]: Starting Journal Service...
Oct 30 12:26:50 localhost systemd[1]: Listening on udev Kernel Socket.
Oct 30 12:26:50 localhost systemd[1]: Starting udev Kernel Socket.
Oct 30 12:26:50 localhost systemd[1]: Reached target Sockets.
Oct 30 12:26:50 localhost systemd[1]: Starting Sockets.
Oct 30 12:26:50 localhost systemd[1]: Started Create list of required static device nodes for the current kernel.
Oct 30 12:26:50 localhost systemd[1]: Started Apply Kernel Variables.
Oct 30 12:26:50 localhost systemd[1]: Starting Create Static Device Nodes in /dev...
Oct 30 12:26:50 localhost systemd[1]: Started Create Static Device Nodes in /dev.
Oct 30 12:26:50 localhost systemd[1]: Started Setup Virtual Console.
Oct 30 12:26:50 localhost journal: Journal started
Oct 30 12:26:50 localhost systemd-tmpfiles: Failed to parse ACL "d:group:adm:r-x,d:group:wheel:r-x": Invalid argument. Ignoring
Oct 30 12:26:50 localhost systemd-tmpfiles: Failed to parse ACL "group:adm:r-x,group:wheel:r-x": Invalid argument. Ignoring
Oct 30 12:26:50 localhost systemd-tmpfiles: Failed to parse ACL "d:group:adm:r-x,d:group:wheel:r-x": Invalid argument. Ignoring
